Component: ARM Compiler 5.06 update 6 (build 750) Tool: armlink [4d35ed]

==============================================================================

Section Cross References

    startup_lpc11xx.o(STACK) refers (Special) to heapauxi.o(.text) for __use_two_region_memory
    startup_lpc11xx.o(HEAP) refers (Special) to heapauxi.o(.text) for __use_two_region_memory
    startup_lpc11xx.o(RESET) refers (Special) to heapauxi.o(.text) for __use_two_region_memory
    startup_lpc11xx.o(RESET) refers to startup_lpc11xx.o(STACK) for __initial_sp
    startup_lpc11xx.o(RESET) refers to startup_lpc11xx.o(.text) for Reset_Handler
    startup_lpc11xx.o(RESET) refers to main.o(i.TIMER32_0_IRQHandler) for TIMER32_0_IRQHandler
    startup_lpc11xx.o(RESET) refers to main.o(i.TIMER32_1_IRQHandler) for TIMER32_1_IRQHandler
    startup_lpc11xx.o(RESET) refers to main.o(i.UART_IRQHandler) for UART_IRQHandler
    startup_lpc11xx.o(RESET) refers to main.o(i.PIOINT0_IRQHandler) for PIOINT0_IRQHandler
    startup_lpc11xx.o(.ARM.__at_0x02FC) refers (Special) to heapauxi.o(.text) for __use_two_region_memory
    startup_lpc11xx.o(.text) refers (Special) to heapauxi.o(.text) for __use_two_region_memory
    startup_lpc11xx.o(.text) refers to system_lpc11xx.o(i.SystemInit) for SystemInit
    startup_lpc11xx.o(.text) refers to __main.o(!!!main) for __main
    startup_lpc11xx.o(.text) refers to startup_lpc11xx.o(HEAP) for Heap_Mem
    startup_lpc11xx.o(.text) refers to startup_lpc11xx.o(STACK) for Stack_Mem
    system_lpc11xx.o(i.Main_PLL_Setup) refers to system_lpc11xx.o(.data) for ClockSource
    system_lpc11xx.o(i.SystemInit) refers to system_lpc11xx.o(i.Main_PLL_Setup) for Main_PLL_Setup
    main.o(i.Display_From_UART_To_LCD) refers to main.o(i.NVIC_DisableIRQ) for NVIC_DisableIRQ
    main.o(i.Display_From_UART_To_LCD) refers to main.o(i.NVIC_ClearPendingIRQ) for NVIC_ClearPendingIRQ
    main.o(i.Display_From_UART_To_LCD) refers to lcd_driver.o(i.LCD_clear) for LCD_clear
    main.o(i.Display_From_UART_To_LCD) refers to lcd_driver.o(i.LCD_print_string) for LCD_print_string
    main.o(i.Display_From_UART_To_LCD) refers to lcd_driver.o(i.LCD_command) for LCD_command
    main.o(i.Display_From_UART_To_LCD) refers to main.o(i.NVIC_EnableIRQ) for NVIC_EnableIRQ
    main.o(i.Display_From_UART_To_LCD) refers to main.o(.data) for print_letter_flag
    main.o(i.Display_From_number_UART_To_LCD) refers to main.o(i.NVIC_DisableIRQ) for NVIC_DisableIRQ
    main.o(i.Display_From_number_UART_To_LCD) refers to main.o(i.NVIC_ClearPendingIRQ) for NVIC_ClearPendingIRQ
    main.o(i.Display_From_number_UART_To_LCD) refers to lcd_driver.o(i.LCD_command) for LCD_command
    main.o(i.Display_From_number_UART_To_LCD) refers to lcd_driver.o(i.LCD_print_number) for LCD_print_number
    main.o(i.Display_From_number_UART_To_LCD) refers to f2d.o(.text) for __aeabi_f2d
    main.o(i.Display_From_number_UART_To_LCD) refers to drlef.o(x$fpl$drleqf) for __aeabi_cdrcmple
    main.o(i.Display_From_number_UART_To_LCD) refers to lcd_driver.o(i.LCD_print_float) for LCD_print_float
    main.o(i.Display_From_number_UART_To_LCD) refers to main.o(i.NVIC_EnableIRQ) for NVIC_EnableIRQ
    main.o(i.Display_From_number_UART_To_LCD) refers to main.o(.data) for print_letter_flag
    main.o(i.Instruction_Display) refers to lcd_driver.o(i.LCD_print_string) for LCD_print_string
    main.o(i.Instruction_Display) refers to lcd_driver.o(i.LCD_command) for LCD_command
    main.o(i.Instruction_Display) refers to noretval__2sprintf.o(.text) for __2sprintf
    main.o(i.Instruction_Display) refers to uart.o(i.UART_send_string) for UART_send_string
    main.o(i.Instruction_Display) refers to lcd_driver.o(i.LCD_clear) for LCD_clear
    main.o(i.Instruction_Display) refers to main.o(.bss) for transmit_string_buffer
    main.o(i.Instruction_Display_Terminal) refers to main.o(i.NVIC_DisableIRQ) for NVIC_DisableIRQ
    main.o(i.Instruction_Display_Terminal) refers to main.o(i.NVIC_ClearPendingIRQ) for NVIC_ClearPendingIRQ
    main.o(i.Instruction_Display_Terminal) refers to lcd_driver.o(i.LCD_print_string) for LCD_print_string
    main.o(i.Instruction_Display_Terminal) refers to lcd_driver.o(i.LCD_command) for LCD_command
    main.o(i.Instruction_Display_Terminal) refers to noretval__2sprintf.o(.text) for __2sprintf
    main.o(i.Instruction_Display_Terminal) refers to uart.o(i.UART_send_string) for UART_send_string
    main.o(i.Instruction_Display_Terminal) refers to lcd_driver.o(i.LCD_clear) for LCD_clear
    main.o(i.Instruction_Display_Terminal) refers to main.o(i.NVIC_EnableIRQ) for NVIC_EnableIRQ
    main.o(i.Instruction_Display_Terminal) refers to main.o(.bss) for transmit_string_buffer
    main.o(i.PIOINT0_IRQHandler) refers to _printf_percent.o(.ARM.Collect$$_printf_percent$$00000000) for _printf_percent
    main.o(i.PIOINT0_IRQHandler) refers to _printf_d.o(.ARM.Collect$$_printf_percent$$00000009) for _printf_d
[...]
    ../clib/signal.c                         0x00000000   Number         0  defsig_stak_inner.o ABSOLUTE
    ../clib/signal.c                         0x00000000   Number         0  defsig_fpe_inner.o ABSOLUTE
    ../clib/signal.c                         0x00000000   Number         0  defsig_general.o ABSOLUTE
    ../clib/signal.c                         0x00000000   Number         0  __raise.o ABSOLUTE
    ../clib/signal.c                         0x00000000   Number         0  defsig_rtmem_inner.o ABSOLUTE
    ../clib/signal.c                         0x00000000   Number         0  defsig_exit.o ABSOLUTE
    ../clib/signal.c                         0x00000000   Number         0  defsig_abrt_inner.o ABSOLUTE
    ../clib/signal.c                         0x00000000   Number         0  defsig_rtred_inner.o ABSOLUTE
    ../clib/signal.c                         0x00000000   Number         0  defsig_rtmem_outer.o ABSOLUTE
    ../clib/signal.c                         0x00000000   Number         0  defsig_fpe_outer.o ABSOLUTE
    ../clib/signal.c                         0x00000000   Number         0  defsig_fpe_formal.o ABSOLUTE
    ../clib/signal.c                         0x00000000   Number         0  defsig_other.o ABSOLUTE
    ../clib/signal.c                         0x00000000   Number         0  defsig_rtmem_formal.o ABSOLUTE
    ../clib/signal.c                         0x00000000   Number         0  defsig_segv_inner.o ABSOLUTE
    ../clib/signal.c                         0x00000000   Number         0  defsig_cppl_inner.o ABSOLUTE
    ../clib/signal.s                         0x00000000   Number         0  defsig.o ABSOLUTE
    ../clib/stdlib.c                         0x00000000   Number         0  exit.o ABSOLUTE
    ../clib/string.c                         0x00000000   Number         0  strcmp.o ABSOLUTE
    ../fplib/cfplib/cmpret.c                 0x00000000   Number         0  cmpret.o ABSOLUTE
    ../fplib/cfplib/d2f.c                    0x00000000   Number         0  d2f.o ABSOLUTE
    ../fplib/cfplib/daddsub.c                0x00000000   Number         0  daddsub.o ABSOLUTE
    ../fplib/cfplib/dcmpin.c                 0x00000000   Number         0  dcmpin.o ABSOLUTE
    ../fplib/cfplib/ddiv.c                   0x00000000   Number         0  ddiv.o ABSOLUTE
    ../fplib/cfplib/dmul.c                   0x00000000   Number         0  dmul.o ABSOLUTE
    ../fplib/cfplib/f2d.c                    0x00000000   Number         0  f2d.o ABSOLUTE
    ../fplib/cfplib/fcmpin.c                 0x00000000   Number         0  fcmpin.o ABSOLUTE
    ../fplib/cfplib/fdiv.c                   0x00000000   Number         0  fdiv.o ABSOLUTE
    ../fplib/cfplib/ffix.c                   0x00000000   Number         0  dfixi.o ABSOLUTE
    ../fplib/cfplib/ffix.c                   0x00000000   Number         0  ffixi.o ABSOLUTE
    ../fplib/cfplib/ffix.c                   0x00000000   Number         0  ffixui.o ABSOLUTE
    ../fplib/cfplib/fflt.c                   0x00000000   Number         0  fflti.o ABSOLUTE
    ../fplib/cfplib/fpinit.c                 0x00000000   Number         0  fpinit.o ABSOLUTE
    ../fplib/cfplib/ieee_status.c            0x00000000   Number         0  ieee_status.o ABSOLUTE
    ../fplib/cfplib/nan2.c                   0x00000000   Number         0  fnan2.o ABSOLUTE
    ../fplib/cfplib/nan2.c                   0x00000000   Number         0  dnan2.o ABSOLUTE
    ../fplib/cfplib/retnan.c                 0x00000000   Number         0  retnan.o ABSOLUTE
    ../fplib/cfplib/scalbn.c                 0x00000000   Number         0  dscalbn.o ABSOLUTE
    ../fplib/deqf6m.s                        0x00000000   Number         0  deqf.o ABSOLUTE
    ../fplib/drleqf6m.s                      0x00000000   Number         0  drlef.o ABSOLUTE
    ../fplib/faddsub6m.s                     0x00000000   Number         0  faddsub.o ABSOLUTE
    ../fplib/fleqf6m.s                       0x00000000   Number         0  flef.o ABSOLUTE
    ../fplib/fmul6m.s                        0x00000000   Number         0  fmul.o ABSOLUTE
    ../fplib/fpconst.s                       0x00000000   Number         0  fpconst.o ABSOLUTE
    ../fplib/frleqf6m.s                      0x00000000   Number         0  frlef.o ABSOLUTE
    ../fplib/printf1.s                       0x00000000   Number         0  printf1.o ABSOLUTE
    ../fplib/scanf1.s                        0x00000000   Number         0  scanf1.o ABSOLUTE
    ../fplib/scanf2.s                        0x00000000   Number         0  scanf2.o ABSOLUTE
    ../fplib/scanf2a.s                       0x00000000   Number         0  scanf2a.o ABSOLUTE
    ../fplib/scanf2b.s                       0x00000000   Number         0  scanf2b.o ABSOLUTE
    ../fplib/usenofp.s                       0x00000000   Number         0  usenofp.o ABSOLUTE
    ../mathlib/atof.c                        0x00000000   Number         0  atof.o ABSOLUTE
    ../mathlib/dunder.c                      0x00000000   Number         0  dunder.o ABSOLUTE
    ../mathlib/fpclassify.c                  0x00000000   Number         0  fpclassify.o ABSOLUTE
    ../mathlib/frexp.c                       0x00000000   Number         0  frexp.o ABSOLUTE
    ../mathlib/ldexp.c                       0x00000000   Number         0  ldexp.o ABSOLUTE
    ../mathlib/ldexp.c                       0x00000000   Number         0  ldexp_x.o ABSOLUTE
    ../mathlib/narrow.c                      0x00000000   Number         0  narrow.o ABSOLUTE
    ../mathlib/qnan.c                        0x00000000   Number         0  qnan.o ABSOLUTE
    ADC.c                                    0x00000000   Number         0  adc.o ABSOLUTE
    ADC.c                                    0x00000000   Number         0  adc.o ABSOLUTE
    C:\Keil_v5\ARM\Startup\NXP\LPC11xx\system_LPC11xx.c 0x00000000   Number         0  system_lpc11xx.o ABSOLUTE
    C:\\Keil_v5\\ARM\\Startup\\NXP\\LPC11xx\\system_LPC11xx.c 0x00000000   Number         0  system_lpc11xx.o ABSOLUTE
    LCD_driver.c                             0x00000000   Number         0  lcd_driver.o ABSOLUTE
    LCD_driver.c                             0x00000000   Number         0  lcd_driver.o ABSOLUTE
    UART.c                                   0x00000000   Number         0  uart.o ABSOLUTE
    UART.c                                   0x00000000   Number         0  uart.o ABSOLUTE
    dc.s                                     0x00000000   Number         0  dc.o ABSOLUTE
    keypad_scanner.c                         0x00000000   Number         0  keypad_scanner.o ABSOLUTE
    keypad_scanner.c                         0x00000000   Number         0  keypad_scanner.o ABSOLUTE
    main.c                                   0x00000000   Number         0  main.o ABSOLUTE
    main.c                                   0x00000000   Number         0  main.o ABSOLUTE
    startup_LPC11xx.s                        0x00000000   Number         0  startup_lpc11xx.o ABSOLUTE
    timer.c                                  0x00000000   Number         0  timer.o ABSOLUTE
    timer.c                                  0x00000000   Number         0  timer.o ABSOLUTE
    !!!main                                  0x000000c0   Section        8  __main.o(!!!main)
    !!!scatter                               0x000000c8   Section       60  __scatter.o(!!!scatter)
    !!handler_copy                           0x00000104   Section       26  __scatter_copy.o(!!handler_copy)
    !!handler_zi                             0x00000120   Section       28  __scatter_zi.o(!!handler_zi)
    .ARM.Collect$$_printf_percent$$00000000  0x0000013c   Section        2  _printf_percent.o(.ARM.Collect$$_printf_percent$$00000000)
    .ARM.Collect$$_printf_percent$$00000003  0x0000013e   Section       10  _printf_f.o(.ARM.Collect$$_printf_percent$$00000003)
    .ARM.Collect$$_printf_percent$$00000009  0x00000148   Section       10  _printf_d.o(.ARM.Collect$$_printf_percent$$00000009)
    .ARM.Collect$$_printf_percent$$00000017  0x00000152   Section        4  _printf_percent_end.o(.ARM.Collect$$_printf_percent$$00000017)
    .ARM.Collect$$libinit$$00000000          0x00000156   Section        2  libinit.o(.ARM.Collect$$libinit$$00000000)
    .ARM.Collect$$libinit$$00000002          0x00000158   Section        0  libinit2.o(.ARM.Collect$$libinit$$00000002)
    .ARM.Collect$$libinit$$00000004          0x00000158   Section        0  libinit2.o(.ARM.Collect$$libinit$$00000004)
    .ARM.Collect$$libinit$$0000000A          0x00000158   Section        0  libinit2.o(.ARM.Collect$$libinit$$0000000A)
    .ARM.Collect$$libinit$$0000000C          0x00000158   Section        0  libinit2.o(.ARM.Collect$$libinit$$0000000C)
    .ARM.Collect$$libinit$$0000000E          0x00000158   Section        0  libinit2.o(.ARM.Collect$$libinit$$0000000E)
    .ARM.Collect$$libinit$$0000000F          0x00000158   Section        6  libinit2.o(.ARM.Collect$$libinit$$0000000F)
    .ARM.Collect$$libinit$$00000011          0x0000015e   Section        0  libinit2.o(.ARM.Collect$$libinit$$00000011)
    .ARM.Collect$$libinit$$00000012          0x0000015e   Section       12  libinit2.o(.ARM.Collect$$libinit$$00000012)
    .ARM.Collect$$libinit$$00000013          0x0000016a   Section        0  libinit2.o(.ARM.Collect$$libinit$$00000013)
    .ARM.Collect$$libinit$$00000015          0x0000016a   Section        0  libinit2.o(.ARM.Collect$$libinit$$00000015)
    .ARM.Collect$$libinit$$00000016          0x0000016a   Section       10  libinit2.o(.ARM.Collect$$libinit$$00000016)
    .ARM.Collect$$libinit$$00000017          0x00000174   Section        0  libinit2.o(.ARM.Collect$$libinit$$00000017)
    .ARM.Collect$$libinit$$00000019          0x00000174   Section        0  libinit2.o(.ARM.Collect$$libinit$$00000019)
    .ARM.Collect$$libinit$$0000001B          0x00000174   Section        0  libinit2.o(.ARM.Collect$$libinit$$0000001B)
    .ARM.Collect$$libinit$$0000001D          0x00000174   Section        0  libinit2.o(.ARM.Collect$$libinit$$0000001D)
    .ARM.Collect$$libinit$$0000001F          0x00000174   Section        0  libinit2.o(.ARM.Collect$$libinit$$0000001F)
    .ARM.Collect$$libinit$$00000021          0x00000174   Section        0  libinit2.o(.ARM.Collect$$libinit$$00000021)
    .ARM.Collect$$libinit$$00000023          0x00000174   Section        0  libinit2.o(.ARM.Collect$$libinit$$00000023)
    .ARM.Collect$$libinit$$00000025          0x00000174   Section        0  libinit2.o(.ARM.Collect$$libinit$$00000025)
    .ARM.Collect$$libinit$$0000002C          0x00000174   Section        0  libinit2.o(.ARM.Collect$$libinit$$0000002C)
    .ARM.Collect$$libinit$$0000002E          0x00000174   Section        0  libinit2.o(.ARM.Collect$$libinit$$0000002E)
    .ARM.Collect$$libinit$$00000030          0x00000174   Section        0  libinit2.o(.ARM.Collect$$libinit$$00000030)
    .ARM.Collect$$libinit$$00000032          0x00000174   Section        0  libinit2.o(.ARM.Collect$$libinit$$00000032)
    .ARM.Collect$$libinit$$00000033          0x00000174   Section        2  libinit2.o(.ARM.Collect$$libinit$$00000033)
    .ARM.Collect$$libshutdown$$00000000      0x00000176   Section        2  libshutdown.o(.ARM.Collect$$libshutdown$$00000000)
    .ARM.Collect$$libshutdown$$00000002      0x00000178   Section        0  libshutdown2.o(.ARM.Collect$$libshutdown$$00000002)
    .ARM.Collect$$libshutdown$$00000004      0x00000178   Section        0  libshutdown2.o(.ARM.Collect$$libshutdown$$00000004)
    .ARM.Collect$$libshutdown$$00000007      0x00000178   Section        0  libshutdown2.o(.ARM.Collect$$libshutdown$$00000007)
    .ARM.Collect$$libshutdown$$0000000A      0x00000178   Section        0  libshutdown2.o(.ARM.Collect$$libshutdown$$0000000A)
    .ARM.Collect$$libshutdown$$0000000C      0x00000178   Section        0  libshutdown2.o(.ARM.Collect$$libshutdown$$0000000C)
    .ARM.Collect$$libshutdown$$0000000F      0x00000178   Section        0  libshutdown2.o(.ARM.Collect$$libshutdown$$0000000F)
    .ARM.Collect$$libshutdown$$00000010      0x00000178   Section        2  libshutdown2.o(.ARM.Collect$$libshutdown$$00000010)
    .ARM.Collect$$rtentry$$00000000          0x0000017a   Section        0  __rtentry.o(.ARM.Collect$$rtentry$$00000000)
    .ARM.Collect$$rtentry$$00000002          0x0000017a   Section        0  __rtentry2.o(.ARM.Collect$$rtentry$$00000002)
    .ARM.Collect$$rtentry$$00000004          0x0000017a   Section        6  __rtentry4.o(.ARM.Collect$$rtentry$$00000004)
    .ARM.Collect$$rtentry$$00000009          0x00000180   Section        0  __rtentry2.o(.ARM.Collect$$rtentry$$00000009)
    .ARM.Collect$$rtentry$$0000000A          0x00000180   Section        4  __rtentry2.o(.ARM.Collect$$rtentry$$0000000A)
    .ARM.Collect$$rtentry$$0000000C          0x00000184   Section        0  __rtentry2.o(.ARM.Collect$$rtentry$$0000000C)
    .ARM.Collect$$rtentry$$0000000D          0x00000184   Section        8  __rtentry2.o(.ARM.Collect$$rtentry$$0000000D)
    .ARM.Collect$$rtexit$$00000000           0x0000018c   Section        2  rtexit.o(.ARM.Collect$$rtexit$$00000000)
    .ARM.Collect$$rtexit$$00000002           0x0000018e   Section        0  rtexit2.o(.ARM.Collect$$rtexit$$00000002)
    .ARM.Collect$$rtexit$$00000003           0x0000018e   Section        4  rtexit2.o(.ARM.Collect$$rtexit$$00000003)
    .ARM.Collect$$rtexit$$00000004           0x00000192   Section        6  rtexit2.o(.ARM.Collect$$rtexit$$00000004)
    .emb_text                                0x00000198   Section       56  rt_memcpy.o(.emb_text)
    .text                                    0x000001d0   Section       52  startup_lpc11xx.o(.text)
    .text                                    0x00000204   Section        0  noretval__2sprintf.o(.text)
    .text                                    0x0000022c   Section        0  _printf_dec.o(.text)
    .text                                    0x00000298   Section        0  atoi.o(.text)
    .text                                    0x000002b2   Section        0  heapauxi.o(.text)
    .text                                    0x000002b8   Section        0  ffixui.o(.text)
    .text                                    0x000002e8   Section        8  rt_errno_addr_intlibspace.o(.text)
    .text                                    0x000002f0   Section        0  _sputc.o(.text)
    .text                                    0x000002fa   Section        2  use_no_semi.o(.text)
    .ARM.__at_0x02FC                         0x000002fc   Section        4  startup_lpc11xx.o(.ARM.__at_0x02FC)
    .text                                    0x00000300   Section        0  __printf_wp.o(.text)
    .text                                    0x0000040e   Section        0  rt_memcpy.o(.text)
    .text                                    0x00000490   Section        0  strcmp.o(.text)
    .text                                    0x00000518   Section      346  aeabi_sdiv.o(.text)
    .text                                    0x00000674   Section        0  d2f.o(.text)
    .text                                    0x000006f0   Section        0  daddsub.o(.text)
    _dadd1                                   0x000006f1   Thumb Code   290  daddsub.o(.text)
    _dsub1                                   0x00000813   Thumb Code   470  daddsub.o(.text)
    .text                                    0x00000a48   Section        0  ddiv.o(.text)
    .text                                    0x00000e90   Section        0  dfixi.o(.text)
    .text                                    0x00000efc   Section        0  dmul.o(.text)
    .text                                    0x00001144   Section        0  f2d.o(.text)
    .text                                    0x00001198   Section        0  fdiv.o(.text)
    .text                                    0x000012f8   Section        0  ffixi.o(.text)
    .text                                    0x00001344   Section        0  fflti.o(.text)
    .text                                    0x000013a2   Section        0  _rserrno.o(.text)
    .text                                    0x000013b8   Section        0  _printf_intcommon.o(.text)
    .text                                    0x00001468   Section        0  _printf_fp_dec.o(.text)
    _fp_digits                               0x0000146b   Thumb Code   412  _printf_fp_dec.o(.text)
    .text                                    0x00001880   Section        0  _printf_char_common.o(.text)
    _printf_input_char                       0x00001881   Thumb Code    10  _printf_char_common.o(.text)
    .text                                    0x000018b0   Section        0  strtod.o(.text)
    _local_sscanf                            0x000018b1   Thumb Code    60  strtod.o(.text)
    .text                                    0x0000195c   Section        0  strtol.o(.text)
    .text                                    0x000019cc   Section        0  rtudiv10.o(.text)
    .text                                    0x000019f4   Section        0  dcmpin.o(.text)
    .text                                    0x00001a84   Section        0  fcmpin.o(.text)
    .text                                    0x00001ae8   Section        8  libspace.o(.text)
    .text                                    0x00001af0   Section       16  rt_ctype_table.o(.text)
    .text                                    0x00001b00   Section        8  rt_locale_intlibspace.o(.text)
    .text                                    0x00001b08   Section        0  lludiv10.o(.text)
    .text                                    0x00001b82   Section        0  isspace.o(.text)
    .text                                    0x00001b94   Section        0  _printf_fp_infnan.o(.text)
    .text                                    0x00001c1c   Section        0  _sgetc.o(.text)
    .text                                    0x00001c60   Section        0  _strtoul.o(.text)
    .text                                    0x00001d08   Section        0  bigflt0.o(.text)
    .text                                    0x00001de0   Section        0  btod.o(.text)
    btod_internal_mul                        0x00001e21   Thumb Code   492  btod.o(.text)
    btod_internal_div                        0x0000200d   Thumb Code   520  btod.o(.text)
    .text                                    0x00002360   Section        0  cmpret.o(.text)
    .text                                    0x00002390   Section        0  dnan2.o(.text)
    .text                                    0x000023a4   Section        0  fnan2.o(.text)
    .text                                    0x000023b4   Section       62  sys_stackheap_outer.o(.text)
    .text                                    0x000023f2   Section        0  _chval.o(.text)
    .text                                    0x00002410   Section        0  scanf_fp.o(.text)
    _fp_value                                0x00002411   Thumb Code   602  scanf_fp.o(.text)
    .text                                    0x00002930   Section        0  exit.o(.text)
    .text                                    0x00002940   Section        0  retnan.o(.text)
    .text                                    0x0000299e   Section        0  llmul.o(.text)
    .text                                    0x000029d0   Section        0  sys_exit.o(.text)
    .text                                    0x000029dc   Section        0  scanf_hexfp.o(.text)
    .text                                    0x00002d10   Section        0  scanf_infnan.o(.text)
    .text                                    0x00002e4c   Section        0  indicate_semi.o(.text)
    .text                                    0x00002e4c   Section        0  llshl.o(.text)
    .text                                    0x00002e6c   Section        0  dscalbn.o(.text)
    i.Display_From_UART_To_LCD               0x00002ecc   Section        0  main.o(i.Display_From_UART_To_LCD)
    i.Display_From_number_UART_To_LCD        0x00002fc4   Section        0  main.o(i.Display_From_number_UART_To_LCD)
    i.Enter_Sfrequency                       0x000030a4   Section        0  keypad_scanner.o(i.Enter_Sfrequency)
    i.Instruction_Display                    0x000030cc   Section        0  main.o(i.Instruction_Display)
    i.Instruction_Display_Terminal           0x000032a0   Section        0  main.o(i.Instruction_Display_Terminal)
    i.LCD_clear                              0x000034d0   Section        0  lcd_driver.o(i.LCD_clear)
    i.LCD_command                            0x000034dc   Section        0  lcd_driver.o(i.LCD_command)
    i.LCD_init                               0x000035bc   Section        0  lcd_driver.o(i.LCD_init)
    i.LCD_print_char                         0x00003664   Section        0  lcd_driver.o(i.LCD_print_char)
    i.LCD_print_float                        0x00003674   Section        0  lcd_driver.o(i.LCD_print_float)
    i.LCD_print_number                       0x0000369c   Section        0  lcd_driver.o(i.LCD_print_number)
    i.LCD_print_number2                      0x000036b8   Section        0  lcd_driver.o(i.LCD_print_number2)
    i.LCD_print_string                       0x000036d8   Section        0  lcd_driver.o(i.LCD_print_string)
    i.Main_PLL_Setup                         0x000036f0   Section        0  system_lpc11xx.o(i.Main_PLL_Setup)
    i.NVIC_ClearPendingIRQ                   0x0000379c   Section        0  main.o(i.NVIC_ClearPendingIRQ)
    NVIC_ClearPendingIRQ                     0x0000379d   Thumb Code    14  main.o(i.NVIC_ClearPendingIRQ)
    i.NVIC_DisableIRQ                        0x000037b0   Section        0  main.o(i.NVIC_DisableIRQ)
    NVIC_DisableIRQ                          0x000037b1   Thumb Code    14  main.o(i.NVIC_DisableIRQ)
    i.NVIC_EnableIRQ                         0x000037c4   Section        0  main.o(i.NVIC_EnableIRQ)
    NVIC_EnableIRQ                           0x000037c5   Thumb Code    14  main.o(i.NVIC_EnableIRQ)
    i.NVIC_EnableIRQ                         0x000037d8   Section        0  timer.o(i.NVIC_EnableIRQ)
    NVIC_EnableIRQ                           0x000037d9   Thumb Code    14  timer.o(i.NVIC_EnableIRQ)
    i.PIOINT0_IRQHandler                     0x000037ec   Section        0  main.o(i.PIOINT0_IRQHandler)
    i.SystemInit                             0x00003fa8   Section        0  system_lpc11xx.o(i.SystemInit)
    i.TIMER32_0_IRQHandler                   0x00003fe8   Section        0  main.o(i.TIMER32_0_IRQHandler)
    i.TIMER32_1_IRQHandler                   0x000041d8   Section        0  main.o(i.TIMER32_1_IRQHandler)
    i.UART_IRQHandler                        0x00004510   Section        0  main.o(i.UART_IRQHandler)
    i.UART_init                              0x00004570   Section        0  uart.o(i.UART_init)
    i.UART_send_char                         0x00004624   Section        0  uart.o(i.UART_send_char)
    i.UART_send_string                       0x00004630   Section        0  uart.o(i.UART_send_string)
    i.__ARM_common_ll_muluu                  0x00004658   Section        0  btod.o(i.__ARM_common_ll_muluu)
    i.__ARM_common_switch8                   0x00004688   Section        0  main.o(i.__ARM_common_switch8)
    i.__ARM_fpclassify                       0x000046a4   Section        0  fpclassify.o(i.__ARM_fpclassify)
    i.__mathlib_dbl_overflow                 0x000046d0   Section        0  dunder.o(i.__mathlib_dbl_overflow)
    i.__mathlib_dbl_underflow                0x000046e4   Section        0  dunder.o(i.__mathlib_dbl_underflow)
    i.__mathlib_narrow                       0x000046f8   Section        0  narrow.o(i.__mathlib_narrow)
    i.__mathlib_tofloat                      0x00004708   Section        0  narrow.o(i.__mathlib_tofloat)
    i.__support_ldexp                        0x000047d0   Section        0  ldexp.o(i.__support_ldexp)
    i._is_digit                              0x000047e4   Section        0  __printf_wp.o(i._is_digit)
    i.adc_init                               0x000047f4   Section        0  adc.o(i.adc_init)
    i.atof                                   0x00004848   Section        0  atof.o(i.atof)
    i.debounce                               0x00004874   Section        0  keypad_scanner.o(i.debounce)
    i.frexp                                  0x0000488c   Section        0  frexp.o(i.frexp)
    i.groundRows                             0x000048e4   Section        0  keypad_scanner.o(i.groundRows)
    i.keypad_init                            0x000048f8   Section        0  keypad_scanner.o(i.keypad_init)
    i.ldexp                                  0x000049b8   Section        0  ldexp.o(i.ldexp)
    i.main                                   0x00004a28   Section        0  main.o(i.main)
    i.scanner                                0x00004e34   Section        0  keypad_scanner.o(i.scanner)
    i.timer_init                             0x00004ef8   Section        0  timer.o(i.timer_init)
    i.timer_init1                            0x00004f48   Section        0  timer.o(i.timer_init1)
    locale$$code                             0x00004fa8   Section       44  lc_numeric_c.o(locale$$code)
    locale$$code                             0x00004fd4   Section       44  lc_ctype_c.o(locale$$code)
    x$fpl$deqf                               0x00005000   Section      100  deqf.o(x$fpl$deqf)
    x$fpl$drleqf                             0x00005064   Section      104  drlef.o(x$fpl$drleqf)
    x$fpl$fadd                               0x000050cc   Section      140  faddsub.o(x$fpl$fadd)
    _fadd1                                   0x000050d9   Thumb Code     0  faddsub.o(x$fpl$fadd)
    x$fpl$fleqf                              0x00005158   Section       84  flef.o(x$fpl$fleqf)
    x$fpl$fmul                               0x000051ac   Section      176  fmul.o(x$fpl$fmul)
    x$fpl$frleqf                             0x0000525c   Section       88  frlef.o(x$fpl$frleqf)
    x$fpl$fsub                               0x000052b4   Section      208  faddsub.o(x$fpl$fsub)
    _fsub1                                   0x000052c1   Thumb Code     0  faddsub.o(x$fpl$fsub)
    x$fpl$printf1                            0x00005384   Section       16  printf1.o(x$fpl$printf1)
    x$fpl$scanf1                             0x00005394   Section       16  scanf1.o(x$fpl$scanf1)
    x$fpl$scanf2                             0x000053a4   Section       32  scanf2.o(x$fpl$scanf2)
    .constdata                               0x000053c4   Section       32  keypad_scanner.o(.constdata)
    x$fpl$usenofp                            0x000053c4   Section        0  usenofp.o(x$fpl$usenofp)
    .constdata                               0x000053e4   Section      128  ddiv.o(.constdata)
    ddiv_reciptbl                            0x000053e4   Data         128  ddiv.o(.constdata)
    .constdata                               0x00005464   Section       64  fdiv.o(.constdata)
    fdiv_tab                                 0x00005464   Data          64  fdiv.o(.constdata)
    .constdata                               0x000054a4   Section      148  bigflt0.o(.constdata)
    tenpwrs_x                                0x000054a4   Data          60  bigflt0.o(.constdata)
    tenpwrs_i                                0x000054e0   Data          64  bigflt0.o(.constdata)
    c$$dinf                                  0x00005558   Section        8  fpconst.o(c$$dinf)
    c$$dmax                                  0x00005560   Section        8  fpconst.o(c$$dmax)
    locale$$data                             0x00005568   Section       28  lc_numeric_c.o(locale$$data)
    __lcnum_c_name                           0x0000556c   Data           2  lc_numeric_c.o(locale$$data)
    __lcnum_c_start                          0x00005574   Data           0  lc_numeric_c.o(locale$$data)
    __lcnum_c_point                          0x00005580   Data           0  lc_numeric_c.o(locale$$data)
    __lcnum_c_thousands                      0x00005582   Data           0  lc_numeric_c.o(locale$$data)
    __lcnum_c_grouping                       0x00005583   Data           0  lc_numeric_c.o(locale$$data)
    locale$$data                             0x00005584   Section      272  lc_ctype_c.o(locale$$data)
    __lcnum_c_end                            0x00005584   Data           0  lc_numeric_c.o(locale$$data)
    __lcctype_c_name                         0x00005588   Data           2  lc_ctype_c.o(locale$$data)
    __lcctype_c_start                        0x00005590   Data           0  lc_ctype_c.o(locale$$data)
    __lcctype_c_end                          0x00005694   Data           0  lc_ctype_c.o(locale$$data)
    .data                                    0x10000000   Section       12  system_lpc11xx.o(.data)
    .data                                    0x1000000c   Section      151  main.o(.data)
    .bss                                     0x100000a4   Section       60  main.o(.bss)
    .bss                                     0x100000e0   Section       96  libspace.o(.bss)
    HEAP                                     0x10000140   Section        0  startup_lpc11xx.o(HEAP)
    STACK                                    0x10000140   Section      512  startup_lpc11xx.o(STACK)
    Heap_Mem                                 0x10000140   Data           0  startup_lpc11xx.o(HEAP)
    Stack_Mem                                0x10000140   Data         512  startup_lpc11xx.o(STACK)
    __initial_sp                             0x10000340   Data           0  startup_lpc11xx.o(STACK)

    Global Symbols

    Symbol Name                              Value     Ov Type        Size  Object(Section)

    BuildAttributes$$THM_ISAv3M$S$PE$A:L22$X:L11$S22$IEEE1$IW$USESV6$~STKCKD$USESV7$~SHL$OTIME$ROPI$IEEEX$EBA8$UX$STANDARDLIB$REQ8$PRES8$EABIv2 0x00000000   Number         0  anon$$obj.o ABSOLUTE
    __ARM_use_no_argv                        0x00000000   Number         0  main.o ABSOLUTE
    __Vectors                                0x00000000   Data           4  startup_lpc11xx.o(RESET)
    _printf_flags                            0x00000000   Number         0  printf_stubs.o ABSOLUTE
    _printf_return_value                     0x00000000   Number         0  printf_stubs.o ABSOLUTE
    _printf_sizespec                         0x00000000   Number         0  printf_stubs.o ABSOLUTE
    _printf_widthprec                        0x00000000   Number         0  printf_stubs.o ABSOLUTE
    __ARM_exceptions_init                     - Undefined Weak Reference
    __alloca_initialize                       - Undefined Weak Reference
    __arm_preinit_                            - Undefined Weak Reference
    __cpp_initialize__aeabi_                  - Undefined Weak Reference
    __cxa_finalize                            - Undefined Weak Reference
    __sigvec_lookup                           - Undefined Weak Reference
    _atexit_init                              - Undefined Weak Reference
    _call_atexit_fns                          - Undefined Weak Reference
    _clock_init                               - Undefined Weak Reference
    _fp_trap_init                             - Undefined Weak Reference
    _fp_trap_shutdown                         - Undefined Weak Reference
    _get_lc_collate                           - Undefined Weak Reference
    _get_lc_monetary                          - Undefined Weak Reference
    _get_lc_time                              - Undefined Weak Reference
    _getenv_init                              - Undefined Weak Reference
    _handle_redirection                       - Undefined Weak Reference
    _init_alloc                               - Undefined Weak Reference
    _init_user_alloc                          - Undefined Weak Reference
    _initio                                   - Undefined Weak Reference
    _printf_post_padding                      - Undefined Weak Reference
    _printf_pre_padding                       - Undefined Weak Reference
    _printf_truncate_signed                   - Undefined Weak Reference
    _printf_truncate_unsigned                 - Undefined Weak Reference
    _rand_init                                - Undefined Weak Reference
    _signal_finish                            - Undefined Weak Reference
    _signal_init                              - Undefined Weak Reference
    _terminate_alloc                          - Undefined Weak Reference
    _terminate_user_alloc                     - Undefined Weak Reference
    _terminateio                              - Undefined Weak Reference
    __main                                   0x000000c1   Thumb Code     8  __main.o(!!!main)
    __scatterload                            0x000000c9   Thumb Code     0  __scatter.o(!!!scatter)
    __scatterload_rt2                        0x000000c9   Thumb Code    52  __scatter.o(!!!scatter)
    __scatterload_rt2_thumb_only             0x000000c9   Thumb Code     0  __scatter.o(!!!scatter)
    __scatterload_null                       0x000000d9   Thumb Code     0  __scatter.o(!!!scatter)
    __scatterload_copy                       0x00000105   Thumb Code    26  __scatter_copy.o(!!handler_copy)
    __scatterload_zeroinit                   0x00000121   Thumb Code    28  __scatter_zi.o(!!handler_zi)
    _printf_percent                          0x0000013d   Thumb Code     0  _printf_percent.o(.ARM.Collect$$_printf_percent$$00000000)
    _printf_f                                0x0000013f   Thumb Code     0  _printf_f.o(.ARM.Collect$$_printf_percent$$00000003)
    _printf_d                                0x00000149   Thumb Code     0  _printf_d.o(.ARM.Collect$$_printf_percent$$00000009)
    _printf_percent_end                      0x00000153   Thumb Code     0  _printf_percent_end.o(.ARM.Collect$$_printf_percent$$00000017)
    __rt_lib_init                            0x00000157   Thumb Code     0  libinit.o(.ARM.Collect$$libinit$$00000000)
    __rt_lib_init_fp_1                       0x00000159   Thumb Code     0  libinit2.o(.ARM.Collect$$libinit$$00000002)
    __rt_lib_init_heap_1                     0x00000159   Thumb Code     0  libinit2.o(.ARM.Collect$$libinit$$0000000A)
    __rt_lib_init_lc_common                  0x00000159   Thumb Code     0  libinit2.o(.ARM.Collect$$libinit$$0000000F)
    __rt_lib_init_preinit_1                  0x00000159   Thumb Code     0  libinit2.o(.ARM.Collect$$libinit$$00000004)
    __rt_lib_init_rand_1                     0x00000159   Thumb Code     0  libinit2.o(.ARM.Collect$$libinit$$0000000E)
    __rt_lib_init_user_alloc_1               0x00000159   Thumb Code     0  libinit2.o(.ARM.Collect$$libinit$$0000000C)
    __rt_lib_init_lc_collate_1               0x0000015f   Thumb Code     0  libinit2.o(.ARM.Collect$$libinit$$00000011)
    __rt_lib_init_lc_ctype_2                 0x0000015f   Thumb Code     0  libinit2.o(.ARM.Collect$$libinit$$00000012)
    __rt_lib_init_lc_ctype_1                 0x0000016b   Thumb Code     0  libinit2.o(.ARM.Collect$$libinit$$00000013)
    __rt_lib_init_lc_monetary_1              0x0000016b   Thumb Code     0  libinit2.o(.ARM.Collect$$libinit$$00000015)
    __rt_lib_init_lc_numeric_2               0x0000016b   Thumb Code     0  libinit2.o(.ARM.Collect$$libinit$$00000016)
    __rt_lib_init_alloca_1                   0x00000175   Thumb Code     0  libinit2.o(.ARM.Collect$$libinit$$0000002E)
    __rt_lib_init_argv_1                     0x00000175   Thumb Code     0  libinit2.o(.ARM.Collect$$libinit$$0000002C)
    __rt_lib_init_atexit_1                   0x00000175   Thumb Code     0  libinit2.o(.ARM.Collect$$libinit$$0000001B)
    __rt_lib_init_clock_1                    0x00000175   Thumb Code     0  libinit2.o(.ARM.Collect$$libinit$$00000021)
    __rt_lib_init_cpp_1                      0x00000175   Thumb Code     0  libinit2.o(.ARM.Collect$$libinit$$00000032)
    __rt_lib_init_exceptions_1               0x00000175   Thumb Code     0  libinit2.o(.ARM.Collect$$libinit$$00000030)
    __rt_lib_init_fp_trap_1                  0x00000175   Thumb Code     0  libinit2.o(.ARM.Collect$$libinit$$0000001F)
    __rt_lib_init_getenv_1                   0x00000175   Thumb Code     0  libinit2.o(.ARM.Collect$$libinit$$00000023)
    __rt_lib_init_lc_numeric_1               0x00000175   Thumb Code     0  libinit2.o(.ARM.Collect$$libinit$$00000017)
    __rt_lib_init_lc_time_1                  0x00000175   Thumb Code     0  libinit2.o(.ARM.Collect$$libinit$$00000019)
    __rt_lib_init_return                     0x00000175   Thumb Code     0  libinit2.o(.ARM.Collect$$libinit$$00000033)
    __rt_lib_init_signal_1                   0x00000175   Thumb Code     0  libinit2.o(.ARM.Collect$$libinit$$0000001D)
    __rt_lib_init_stdio_1                    0x00000175   Thumb Code     0  libinit2.o(.ARM.Collect$$libinit$$00000025)
    __rt_lib_shutdown                        0x00000177   Thumb Code     0  libshutdown.o(.ARM.Collect$$libshutdown$$00000000)
    __rt_lib_shutdown_cpp_1                  0x00000179   Thumb Code     0  libshutdown2.o(.ARM.Collect$$libshutdown$$00000002)
    __rt_lib_shutdown_fp_trap_1              0x00000179   Thumb Code     0  libshutdown2.o(.ARM.Collect$$libshutdown$$00000007)
    __rt_lib_shutdown_heap_1                 0x00000179   Thumb Code     0  libshutdown2.o(.ARM.Collect$$libshutdown$$0000000F)
    __rt_lib_shutdown_return                 0x00000179   Thumb Code     0  libshutdown2.o(.ARM.Collect$$libshutdown$$00000010)
    __rt_lib_shutdown_signal_1               0x00000179   Thumb Code     0  libshutdown2.o(.ARM.Collect$$libshutdown$$0000000A)
    __rt_lib_shutdown_stdio_1                0x00000179   Thumb Code     0  libshutdown2.o(.ARM.Collect$$libshutdown$$00000004)
    __rt_lib_shutdown_user_alloc_1           0x00000179   Thumb Code     0  libshutdown2.o(.ARM.Collect$$libshutdown$$0000000C)
    __rt_entry                               0x0000017b   Thumb Code     0  __rtentry.o(.ARM.Collect$$rtentry$$00000000)
    __rt_entry_presh_1                       0x0000017b   Thumb Code     0  __rtentry2.o(.ARM.Collect$$rtentry$$00000002)
    __rt_entry_sh                            0x0000017b   Thumb Code     0  __rtentry4.o(.ARM.Collect$$rtentry$$00000004)
    __rt_entry_li                            0x00000181   Thumb Code     0  __rtentry2.o(.ARM.Collect$$rtentry$$0000000A)
    __rt_entry_postsh_1                      0x00000181   Thumb Code     0  __rtentry2.o(.ARM.Collect$$rtentry$$00000009)
    __rt_entry_main                          0x00000185   Thumb Code     0  __rtentry2.o(.ARM.Collect$$rtentry$$0000000D)
    __rt_entry_postli_1                      0x00000185   Thumb Code     0  __rtentry2.o(.ARM.Collect$$rtentry$$0000000C)
    __rt_exit                                0x0000018d   Thumb Code     0  rtexit.o(.ARM.Collect$$rtexit$$00000000)
    __rt_exit_ls                             0x0000018f   Thumb Code     0  rtexit2.o(.ARM.Collect$$rtexit$$00000003)
    __rt_exit_prels_1                        0x0000018f   Thumb Code     0  rtexit2.o(.ARM.Collect$$rtexit$$00000002)
    __rt_exit_exit                           0x00000193   Thumb Code     0  rtexit2.o(.ARM.Collect$$rtexit$$00000004)
    __aeabi_memcpy4                          0x00000199   Thumb Code    56  rt_memcpy.o(.emb_text)
    __aeabi_memcpy8                          0x00000199   Thumb Code     0  rt_memcpy.o(.emb_text)
    Reset_Handler                            0x000001d1   Thumb Code     8  startup_lpc11xx.o(.text)
    NMI_Handler                              0x000001d9   Thumb Code     2  startup_lpc11xx.o(.text)
    HardFault_Handler                        0x000001db   Thumb Code     2  startup_lpc11xx.o(.text)
    SVC_Handler                              0x000001dd   Thumb Code     2  startup_lpc11xx.o(.text)
    PendSV_Handler                           0x000001df   Thumb Code     2  startup_lpc11xx.o(.text)
    SysTick_Handler                          0x000001e1   Thumb Code     2  startup_lpc11xx.o(.text)
    ADC_IRQHandler                           0x000001e3   Thumb Code     0  startup_lpc11xx.o(.text)
    BOD_IRQHandler                           0x000001e3   Thumb Code     0  startup_lpc11xx.o(.text)
    CAN_IRQHandler                           0x000001e3   Thumb Code     0  startup_lpc11xx.o(.text)
    FMC_IRQHandler                           0x000001e3   Thumb Code     0  startup_lpc11xx.o(.text)
    I2C_IRQHandler                           0x000001e3   Thumb Code     0  startup_lpc11xx.o(.text)
    PIOINT1_IRQHandler                       0x000001e3   Thumb Code     0  startup_lpc11xx.o(.text)
    PIOINT2_IRQHandler                       0x000001e3   Thumb Code     0  startup_lpc11xx.o(.text)
    PIOINT3_IRQHandler                       0x000001e3   Thumb Code     0  startup_lpc11xx.o(.text)
    SSP0_IRQHandler                          0x000001e3   Thumb Code     0  startup_lpc11xx.o(.text)
    SSP1_IRQHandler                          0x000001e3   Thumb Code     0  startup_lpc11xx.o(.text)
    TIMER16_0_IRQHandler                     0x000001e3   Thumb Code     0  startup_lpc11xx.o(.text)
    TIMER16_1_IRQHandler                     0x000001e3   Thumb Code     0  startup_lpc11xx.o(.text)
    USB_FIQHandler                           0x000001e3   Thumb Code     0  startup_lpc11xx.o(.text)
    USB_IRQHandler                           0x000001e3   Thumb Code     0  startup_lpc11xx.o(.text)
    WAKEUP_IRQHandler                        0x000001e3   Thumb Code     0  startup_lpc11xx.o(.text)
    WDT_IRQHandler                           0x000001e3   Thumb Code     0  startup_lpc11xx.o(.text)
    __user_initial_stackheap                 0x000001e5   Thumb Code     0  startup_lpc11xx.o(.text)
    __2sprintf                               0x00000205   Thumb Code    36  noretval__2sprintf.o(.text)
    _printf_int_dec                          0x0000022d   Thumb Code    90  _printf_dec.o(.text)
    atoi                                     0x00000299   Thumb Code    26  atoi.o(.text)
    __use_two_region_memory                  0x000002b3   Thumb Code     2  heapauxi.o(.text)
    __rt_heap_escrow$2region                 0x000002b5   Thumb Code     2  heapauxi.o(.text)
    __rt_heap_expand$2region                 0x000002b7   Thumb Code     2  heapauxi.o(.text)
    __aeabi_f2uiz                            0x000002b9   Thumb Code     0  ffixui.o(.text)
    _ffixu                                   0x000002b9   Thumb Code    48  ffixui.o(.text)
    __aeabi_errno_addr                       0x000002e9   Thumb Code     8  rt_errno_addr_intlibspace.o(.text)
    __errno$intlibspace                      0x000002e9   Thumb Code     0  rt_errno_addr_intlibspace.o(.text)
    __rt_errno_addr$intlibspace              0x000002e9   Thumb Code     0  rt_errno_addr_intlibspace.o(.text)
    _sputc                                   0x000002f1   Thumb Code    10  _sputc.o(.text)
    __I$use$semihosting                      0x000002fb   Thumb Code     0  use_no_semi.o(.text)
    __use_no_semihosting_swi                 0x000002fb   Thumb Code     2  use_no_semi.o(.text)
    __printf                                 0x00000301   Thumb Code   270  __printf_wp.o(.text)
    __aeabi_memcpy                           0x0000040f   Thumb Code   130  rt_memcpy.o(.text)
    __rt_memcpy                              0x0000040f   Thumb Code     0  rt_memcpy.o(.text)
    strcmp                                   0x00000491   Thumb Code   132  strcmp.o(.text)
    __aeabi_uidiv                            0x00000519   Thumb Code     0  aeabi_sdiv.o(.text)
    __aeabi_uidivmod                         0x00000519   Thumb Code    20  aeabi_sdiv.o(.text)
    __aeabi_idiv                             0x0000052d   Thumb Code     0  aeabi_sdiv.o(.text)
    __aeabi_idivmod                          0x0000052d   Thumb Code   326  aeabi_sdiv.o(.text)
    __aeabi_d2f                              0x00000675   Thumb Code     0  d2f.o(.text)
    _d2f                                     0x00000675   Thumb Code   120  d2f.o(.text)
    __aeabi_dadd                             0x000009e9   Thumb Code     0  daddsub.o(.text)
    _dadd                                    0x000009e9   Thumb Code    26  daddsub.o(.text)
    __aeabi_dsub                             0x00000a03   Thumb Code     0  daddsub.o(.text)
    _dsub                                    0x00000a03   Thumb Code    22  daddsub.o(.text)
    __aeabi_drsub                            0x00000a19   Thumb Code     0  daddsub.o(.text)
    _drsb                                    0x00000a19   Thumb Code    28  daddsub.o(.text)
    __aeabi_ddiv                             0x00000a49   Thumb Code     0  ddiv.o(.text)
    _ddiv                                    0x00000a49   Thumb Code  1072  ddiv.o(.text)
    _drdiv                                   0x00000e79   Thumb Code    20  ddiv.o(.text)
    __aeabi_d2iz                             0x00000e91   Thumb Code     0  dfixi.o(.text)
    _dfix                                    0x00000e91   Thumb Code    98  dfixi.o(.text)
    __aeabi_dmul                             0x00000efd   Thumb Code     0  dmul.o(.text)
    _dmul                                    0x00000efd   Thumb Code   558  dmul.o(.text)
    __aeabi_f2d                              0x00001145   Thumb Code     0  f2d.o(.text)
    _f2d                                     0x00001145   Thumb Code    80  f2d.o(.text)
    __aeabi_fdiv                             0x00001199   Thumb Code     0  fdiv.o(.text)
    _fdiv                                    0x00001199   Thumb Code   334  fdiv.o(.text)
    _frdiv                                   0x000012e7   Thumb Code     8  fdiv.o(.text)
    __aeabi_f2iz                             0x000012f9   Thumb Code     0  ffixi.o(.text)
    _ffix                                    0x000012f9   Thumb Code    76  ffixi.o(.text)
    __aeabi_i2f_normalise                    0x00001345   Thumb Code    72  fflti.o(.text)
    __aeabi_i2f                              0x0000138d   Thumb Code    16  fflti.o(.text)
    _fflt                                    0x0000138d   Thumb Code     0  fflti.o(.text)
    __aeabi_ui2f                             0x0000139d   Thumb Code     6  fflti.o(.text)
    _ffltu                                   0x0000139d   Thumb Code     0  fflti.o(.text)
    __read_errno                             0x000013a3   Thumb Code    10  _rserrno.o(.text)
    __set_errno                              0x000013ad   Thumb Code    12  _rserrno.o(.text)
    _printf_int_common                       0x000013b9   Thumb Code   176  _printf_intcommon.o(.text)
    __lib_sel_fp_printf                      0x00001469   Thumb Code     2  _printf_fp_dec.o(.text)
    _printf_fp_dec_real                      0x00001607   Thumb Code   620  _printf_fp_dec.o(.text)
    _printf_char_common                      0x0000188b   Thumb Code    32  _printf_char_common.o(.text)
    __strtod_int                             0x000018ed   Thumb Code    94  strtod.o(.text)
    strtol                                   0x0000195d   Thumb Code   108  strtol.o(.text)
    __rt_udiv10                              0x000019cd   Thumb Code    40  rtudiv10.o(.text)
    __fpl_dcmp_InfNaN                        0x000019f5   Thumb Code   140  dcmpin.o(.text)
    __fpl_fcmp_InfNaN                        0x00001a85   Thumb Code    96  fcmpin.o(.text)
    __user_libspace                          0x00001ae9   Thumb Code     8  libspace.o(.text)
    __user_perproc_libspace                  0x00001ae9   Thumb Code     0  libspace.o(.text)
    __user_perthread_libspace                0x00001ae9   Thumb Code     0  libspace.o(.text)
    __rt_ctype_table                         0x00001af1   Thumb Code    16  rt_ctype_table.o(.text)
    __rt_locale                              0x00001b01   Thumb Code     8  rt_locale_intlibspace.o(.text)
    _ll_udiv10                               0x00001b09   Thumb Code   122  lludiv10.o(.text)
    isspace                                  0x00001b83   Thumb Code    18  isspace.o(.text)
    _printf_fp_infnan                        0x00001b95   Thumb Code   120  _printf_fp_infnan.o(.text)
    _sgetc                                   0x00001c1d   Thumb Code    32  _sgetc.o(.text)
    _sbackspace                              0x00001c3d   Thumb Code    36  _sgetc.o(.text)
    _strtoul                                 0x00001c61   Thumb Code   166  _strtoul.o(.text)
    _btod_etento                             0x00001d09   Thumb Code   210  bigflt0.o(.text)
    _btod_d2e                                0x00001de1   Thumb Code    64  btod.o(.text)
    _btod_emul                               0x00002215   Thumb Code    28  btod.o(.text)
    _btod_emuld                              0x00002231   Thumb Code   144  btod.o(.text)
    _btod_ediv                               0x000022c1   Thumb Code    26  btod.o(.text)
    _btod_edivd                              0x000022db   Thumb Code   124  btod.o(.text)
    __fpl_cmpreturn                          0x00002361   Thumb Code    46  cmpret.o(.text)
    __fpl_dcheck_NaN2                        0x00002391   Thumb Code    14  dnan2.o(.text)
    __fpl_fcheck_NaN2                        0x000023a5   Thumb Code    10  fnan2.o(.text)
    __user_setup_stackheap                   0x000023b5   Thumb Code    62  sys_stackheap_outer.o(.text)
    _chval                                   0x000023f3   Thumb Code    30  _chval.o(.text)
    _scanf_really_real                       0x0000266b   Thumb Code   710  scanf_fp.o(.text)
    exit                                     0x00002931   Thumb Code    16  exit.o(.text)
    __fpl_return_NaN                         0x00002941   Thumb Code    94  retnan.o(.text)
    __aeabi_lmul                             0x0000299f   Thumb Code    48  llmul.o(.text)
    _ll_mul                                  0x0000299f   Thumb Code     0  llmul.o(.text)
    _sys_exit                                0x000029d1   Thumb Code     8  sys_exit.o(.text)
    _scanf_really_hex_real                   0x000029dd   Thumb Code   806  scanf_hexfp.o(.text)
    _scanf_really_infnan                     0x00002d11   Thumb Code   300  scanf_infnan.o(.text)
    __aeabi_llsl                             0x00002e4d   Thumb Code    32  llshl.o(.text)
    __semihosting_library_function           0x00002e4d   Thumb Code     0  indicate_semi.o(.text)
    _ll_shift_l                              0x00002e4d   Thumb Code     0  llshl.o(.text)
    __ARM_scalbn                             0x00002e6d   Thumb Code    84  dscalbn.o(.text)
    Display_From_UART_To_LCD                 0x00002ecd   Thumb Code   170  main.o(i.Display_From_UART_To_LCD)
    Display_From_number_UART_To_LCD          0x00002fc5   Thumb Code   200  main.o(i.Display_From_number_UART_To_LCD)
    Enter_Sfrequency                         0x000030a5   Thumb Code    18  keypad_scanner.o(i.Enter_Sfrequency)
    Instruction_Display                      0x000030cd   Thumb Code   204  main.o(i.Instruction_Display)
    Instruction_Display_Terminal             0x000032a1   Thumb Code   288  main.o(i.Instruction_Display_Terminal)
    LCD_clear                                0x000034d1   Thumb Code    12  lcd_driver.o(i.LCD_clear)
    LCD_command                              0x000034dd   Thumb Code   210  lcd_driver.o(i.LCD_command)
    LCD_init                                 0x000035bd   Thumb Code   148  lcd_driver.o(i.LCD_init)
    LCD_print_char                           0x00003665   Thumb Code    14  lcd_driver.o(i.LCD_print_char)
    LCD_print_float                          0x00003675   Thumb Code    32  lcd_driver.o(i.LCD_print_float)
    LCD_print_number                         0x0000369d   Thumb Code    22  lcd_driver.o(i.LCD_print_number)
    LCD_print_number2                        0x000036b9   Thumb Code    28  lcd_driver.o(i.LCD_print_number2)
    LCD_print_string                         0x000036d9   Thumb Code    24  lcd_driver.o(i.LCD_print_string)
    Main_PLL_Setup                           0x000036f1   Thumb Code   148  system_lpc11xx.o(i.Main_PLL_Setup)
    PIOINT0_IRQHandler                       0x000037ed   Thumb Code  1732  main.o(i.PIOINT0_IRQHandler)
    SystemInit                               0x00003fa9   Thumb Code    54  system_lpc11xx.o(i.SystemInit)
    TIMER32_0_IRQHandler                     0x00003fe9   Thumb Code   424  main.o(i.TIMER32_0_IRQHandler)
    TIMER32_1_IRQHandler                     0x000041d9   Thumb Code   646  main.o(i.TIMER32_1_IRQHandler)
    UART_IRQHandler                          0x00004511   Thumb Code    72  main.o(i.UART_IRQHandler)
    UART_init                                0x00004571   Thumb Code   164  uart.o(i.UART_init)
    UART_send_char                           0x00004625   Thumb Code     6  uart.o(i.UART_send_char)
    UART_send_string                         0x00004631   Thumb Code    36  uart.o(i.UART_send_string)
    __ARM_common_ll_muluu                    0x00004659   Thumb Code    48  btod.o(i.__ARM_common_ll_muluu)
    __ARM_common_switch8                     0x00004689   Thumb Code    28  main.o(i.__ARM_common_switch8)
    __ARM_fpclassify                         0x000046a5   Thumb Code    40  fpclassify.o(i.__ARM_fpclassify)
    __mathlib_dbl_overflow                   0x000046d1   Thumb Code    16  dunder.o(i.__mathlib_dbl_overflow)
    __mathlib_dbl_underflow                  0x000046e5   Thumb Code    14  dunder.o(i.__mathlib_dbl_underflow)
    __mathlib_narrow                         0x000046f9   Thumb Code    16  narrow.o(i.__mathlib_narrow)
    __mathlib_tofloat                        0x00004709   Thumb Code   190  narrow.o(i.__mathlib_tofloat)
    __support_ldexp                          0x000047d1   Thumb Code    20  ldexp.o(i.__support_ldexp)
    _is_digit                                0x000047e5   Thumb Code    14  __printf_wp.o(i._is_digit)
    adc_init                                 0x000047f5   Thumb Code    64  adc.o(i.adc_init)
    atof                                     0x00004849   Thumb Code    42  atof.o(i.atof)
    debounce                                 0x00004875   Thumb Code    18  keypad_scanner.o(i.debounce)
    frexp                                    0x0000488d   Thumb Code    72  frexp.o(i.frexp)
    groundRows                               0x000048e5   Thumb Code    14  keypad_scanner.o(i.groundRows)
    keypad_init                              0x000048f9   Thumb Code   170  keypad_scanner.o(i.keypad_init)
    ldexp                                    0x000049b9   Thumb Code   112  ldexp.o(i.ldexp)
    main                                     0x00004a29   Thumb Code   722  main.o(i.main)
    scanner                                  0x00004e35   Thumb Code   180  keypad_scanner.o(i.scanner)
    timer_init                               0x00004ef9   Thumb Code    66  timer.o(i.timer_init)
    timer_init1                              0x00004f49   Thumb Code    84  timer.o(i.timer_init1)
    _get_lc_numeric                          0x00004fa9   Thumb Code    44  lc_numeric_c.o(locale$$code)
    _get_lc_ctype                            0x00004fd5   Thumb Code    44  lc_ctype_c.o(locale$$code)
    __aeabi_cdcmpeq                          0x00005001   Thumb Code     0  deqf.o(x$fpl$deqf)
    _dcmpeq                                  0x00005001   Thumb Code    94  deqf.o(x$fpl$deqf)
    __aeabi_cdrcmple                         0x00005065   Thumb Code     0  drlef.o(x$fpl$drleqf)
    _drcmple                                 0x00005065   Thumb Code   100  drlef.o(x$fpl$drleqf)
    __aeabi_fadd                             0x000050cd   Thumb Code     0  faddsub.o(x$fpl$fadd)
    _fadd                                    0x000050cd   Thumb Code   134  faddsub.o(x$fpl$fadd)
    __aeabi_cfcmple                          0x00005159   Thumb Code     0  flef.o(x$fpl$fleqf)
    _fcmple                                  0x00005159   Thumb Code    78  flef.o(x$fpl$fleqf)
    __aeabi_fmul                             0x000051ad   Thumb Code     0  fmul.o(x$fpl$fmul)
    _fmul                                    0x000051ad   Thumb Code   172  fmul.o(x$fpl$fmul)
    __aeabi_cfrcmple                         0x0000525d   Thumb Code     0  frlef.o(x$fpl$frleqf)
    _frcmple                                 0x0000525d   Thumb Code    84  frlef.o(x$fpl$frleqf)
    __aeabi_fsub                             0x000052b5   Thumb Code     0  faddsub.o(x$fpl$fsub)
    _fsub                                    0x000052b5   Thumb Code   204  faddsub.o(x$fpl$fsub)
    _printf_fp_dec                           0x00005385   Thumb Code    16  printf1.o(x$fpl$printf1)
    _scanf_real                              0x00005395   Thumb Code    16  scanf1.o(x$fpl$scanf1)
    _scanf_hex_real                          0x000053a5   Thumb Code    16  scanf2.o(x$fpl$scanf2)
    _scanf_infnan                            0x000053b5   Thumb Code    16  scanf2.o(x$fpl$scanf2)
    __I$use$fp                               0x000053c4   Number         0  usenofp.o(x$fpl$usenofp)
    Region$$Table$$Base                      0x00005538   Number         0  anon$$obj.o(Region$$Table)
    Region$$Table$$Limit                     0x00005558   Number         0  anon$$obj.o(Region$$Table)
    __aeabi_HUGE_VAL                         0x00005558   Data           0  fpconst.o(c$$dinf)
    __aeabi_HUGE_VALL                        0x00005558   Data           0  fpconst.o(c$$dinf)
    __aeabi_INFINITY                         0x00005558   Data           0  fpconst.o(c$$dinf)
    __dInf                                   0x00005558   Data           0  fpconst.o(c$$dinf)
    __huge_val                               0x00005558   Data           0  fpconst.o(c$$dinf)
    __dbl_max                                0x00005560   Data           0  fpconst.o(c$$dmax)
    __ctype                                  0x00005591   Data           0  lc_ctype_c.o(locale$$data)
    ClockSource                              0x10000000   Data           4  system_lpc11xx.o(.data)
    SystemFrequency                          0x10000004   Data           4  system_lpc11xx.o(.data)
    SystemAHBFrequency                       0x10000008   Data           4  system_lpc11xx.o(.data)
    counter                                  0x1000000c   Data           4  main.o(.data)
    average                                  0x10000010   Data           4  main.o(.data)
    average_Srate                            0x10000014   Data           4  main.o(.data)
    degree_symbol                            0x10000018   Data           1  main.o(.data)
    LED                                      0x1000001c   Data           4  main.o(.data)
    Sfrequency_num                           0x10000020   Data           4  main.o(.data)
    Srate_num                                0x10000024   Data           4  main.o(.data)
    Average_num                              0x10000028   Data           4  main.o(.data)
    interrupt                                0x1000002c   Data           4  main.o(.data)
    timer_interrupt                          0x10000030   Data           4  main.o(.data)
    change_me                                0x10000034   Data           4  main.o(.data)
    pressed_letter                           0x10000038   Data           1  main.o(.data)
    key                                      0x10000039   Data           1  main.o(.data)
    keyvalue                                 0x1000003a   Data           1  main.o(.data)
    increase                                 0x1000003c   Data           4  main.o(.data)
    number1                                  0x10000040   Data           4  main.o(.data)
    number2                                  0x10000044   Data           4  main.o(.data)
    number3                                  0x10000048   Data           4  main.o(.data)
    count_num                                0x1000004c   Data           4  main.o(.data)
    sample                                   0x10000050   Data           4  main.o(.data)
    count_D                                  0x10000054   Data           4  main.o(.data)
    entered_number                           0x10000058   Data           4  main.o(.data)
    entered_number_float                     0x1000005c   Data           4  main.o(.data)
    print_letter_flag                        0x10000060   Data           1  main.o(.data)
    Sfrequency_Displayfrom_UART              0x10000064   Data           4  main.o(.data)
    Srate_Displayfrom_UART                   0x10000068   Data           4  main.o(.data)
    Average_Num_Displayfrom_UART             0x1000006c   Data           4  main.o(.data)
    double_srate                             0x10000070   Data           4  main.o(.data)
    received_number2                         0x10000074   Data           4  main.o(.data)
    ADC_value                                0x10000078   Data           4  main.o(.data)
    temp                                     0x1000007c   Data           4  main.o(.data)
    running_sum                              0x10000080   Data           4  main.o(.data)
    delay                                    0x10000084   Data           4  main.o(.data)
    count                                    0x10000088   Data           4  main.o(.data)
    average_1                                0x1000008c   Data           4  main.o(.data)
    ADC_value_Srate                          0x10000090   Data           4  main.o(.data)
    running_sum_Srate                        0x10000094   Data           4  main.o(.data)
    temp_Srate                               0x10000098   Data           4  main.o(.data)
    counter2                                 0x1000009c   Data           4  main.o(.data)
    UART_received_flag                       0x100000a0   Data           1  main.o(.data)
    UART_received_index                      0x100000a1   Data           1  main.o(.data)
    UART_received_byte                       0x100000a2   Data           1  main.o(.data)
    transmit_string_buffer                   0x100000a4   Data          20  main.o(.bss)
    UART_received_buffer                     0x100000b8   Data          20  main.o(.bss)
    received_string                          0x100000cc   Data          20  main.o(.bss)
    __libspace_start                         0x100000e0   Data          96  libspace.o(.bss)
    __temporary_stack_top$libspace           0x10000140   Data           0  libspace.o(.bss)



==============================================================================

Memory Map of the image

  Image Entry point : 0x000000c1

  Load Region LR_IROM1 (Base: 0x00000000, Size: 0x00005738, Max: 0x00008000, ABSOLUTE)

    Execution Region ER_IROM1 (Exec base: 0x00000000, Load base: 0x00000000, Size: 0x00005694, Max: 0x00008000, ABSOLUTE)

    Exec Addr    Load Addr    Size         Type   Attr      Idx    E Section Name        Object

    0x00000000   0x00000000   0x000000c0   Data   RO            3    RESET               startup_lpc11xx.o
    0x000000c0   0x000000c0   0x00000008   Code   RO          431  * !!!main             c_p.l(__main.o)
    0x000000c8   0x000000c8   0x0000003c   Code   RO          778    !!!scatter          c_p.l(__scatter.o)
    0x00000104   0x00000104   0x0000001a   Code   RO          780    !!handler_copy      c_p.l(__scatter_copy.o)
    0x0000011e   0x0000011e   0x00000002   PAD
    0x00000120   0x00000120   0x0000001c   Code   RO          782    !!handler_zi        c_p.l(__scatter_zi.o)
    0x0000013c   0x0000013c   0x00000002   Code   RO          416    .ARM.Collect$$_printf_percent$$00000000  c_p.l(_printf_percent.o)
    0x0000013e   0x0000013e   0x0000000a   Code   RO          415    .ARM.Collect$$_printf_percent$$00000003  c_p.l(_printf_f.o)
    0x00000148   0x00000148   0x0000000a   Code   RO          414    .ARM.Collect$$_printf_percent$$00000009  c_p.l(_printf_d.o)
    0x00000152   0x00000152   0x00000004   Code   RO          495    .ARM.Collect$$_printf_percent$$00000017  c_p.l(_printf_percent_end.o)
    0x00000156   0x00000156   0x00000002   Code   RO          589    .ARM.Collect$$libinit$$00000000  c_p.l(libinit.o)
    0x00000158   0x00000158   0x00000000   Code   RO          591    .ARM.Collect$$libinit$$00000002  c_p.l(libinit2.o)
    0x00000158   0x00000158   0x00000000   Code   RO          593    .ARM.Collect$$libinit$$00000004  c_p.l(libinit2.o)
    0x00000158   0x00000158   0x00000000   Code   RO          596    .ARM.Collect$$libinit$$0000000A  c_p.l(libinit2.o)
    0x00000158   0x00000158   0x00000000   Code   RO          598    .ARM.Collect$$libinit$$0000000C  c_p.l(libinit2.o)
    0x00000158   0x00000158   0x00000000   Code   RO          600    .ARM.Collect$$libinit$$0000000E  c_p.l(libinit2.o)
    0x00000158   0x00000158   0x00000006   Code   RO          601    .ARM.Collect$$libinit$$0000000F  c_p.l(libinit2.o)
    0x0000015e   0x0000015e   0x00000000   Code   RO          603    .ARM.Collect$$libinit$$00000011  c_p.l(libinit2.o)
    0x0000015e   0x0000015e   0x0000000c   Code   RO          604    .ARM.Collect$$libinit$$00000012  c_p.l(libinit2.o)
    0x0000016a   0x0000016a   0x00000000   Code   RO          605    .ARM.Collect$$libinit$$00000013  c_p.l(libinit2.o)
    0x0000016a   0x0000016a   0x00000000   Code   RO          607    .ARM.Collect$$libinit$$00000015  c_p.l(libinit2.o)
    0x0000016a   0x0000016a   0x0000000a   Code   RO          608    .ARM.Collect$$libinit$$00000016  c_p.l(libinit2.o)
    0x00000174   0x00000174   0x00000000   Code   RO          609    .ARM.Collect$$libinit$$00000017  c_p.l(libinit2.o)
    0x00000174   0x00000174   0x00000000   Code   RO          611    .ARM.Collect$$libinit$$00000019  c_p.l(libinit2.o)
    0x00000174   0x00000174   0x00000000   Code   RO          613    .ARM.Collect$$libinit$$0000001B  c_p.l(libinit2.o)
    0x00000174   0x00000174   0x00000000   Code   RO          615    .ARM.Collect$$libinit$$0000001D  c_p.l(libinit2.o)
    0x00000174   0x00000174   0x00000000   Code   RO          617    .ARM.Collect$$libinit$$0000001F  c_p.l(libinit2.o)
    0x00000174   0x00000174   0x00000000   Code   RO          619    .ARM.Collect$$libinit$$00000021  c_p.l(libinit2.o)
    0x00000174   0x00000174   0x00000000   Code   RO          621    .ARM.Collect$$libinit$$00000023  c_p.l(libinit2.o)
    0x00000174   0x00000174   0x00000000   Code   RO          623    .ARM.Collect$$libinit$$00000025  c_p.l(libinit2.o)
    0x00000174   0x00000174   0x00000000   Code   RO          627    .ARM.Collect$$libinit$$0000002C  c_p.l(libinit2.o)
    0x00000174   0x00000174   0x00000000   Code   RO          629    .ARM.Collect$$libinit$$0000002E  c_p.l(libinit2.o)
    0x00000174   0x00000174   0x00000000   Code   RO          631    .ARM.Collect$$libinit$$00000030  c_p.l(libinit2.o)
    0x00000174   0x00000174   0x00000000   Code   RO          633    .ARM.Collect$$libinit$$00000032  c_p.l(libinit2.o)
    0x00000174   0x00000174   0x00000002   Code   RO          634    .ARM.Collect$$libinit$$00000033  c_p.l(libinit2.o)
    0x00000176   0x00000176   0x00000002   Code   RO          714    .ARM.Collect$$libshutdown$$00000000  c_p.l(libshutdown.o)
    0x00000178   0x00000178   0x00000000   Code   RO          746    .ARM.Collect$$libshutdown$$00000002  c_p.l(libshutdown2.o)
    0x00000178   0x00000178   0x00000000   Code   RO          748    .ARM.Collect$$libshutdown$$00000004  c_p.l(libshutdown2.o)
    0x00000178   0x00000178   0x00000000   Code   RO          751    .ARM.Collect$$libshutdown$$00000007  c_p.l(libshutdown2.o)
    0x00000178   0x00000178   0x00000000   Code   RO          754    .ARM.Collect$$libshutdown$$0000000A  c_p.l(libshutdown2.o)
    0x00000178   0x00000178   0x00000000   Code   RO          756    .ARM.Collect$$libshutdown$$0000000C  c_p.l(libshutdown2.o)
    0x00000178   0x00000178   0x00000000   Code   RO          759    .ARM.Collect$$libshutdown$$0000000F  c_p.l(libshutdown2.o)
    0x00000178   0x00000178   0x00000002   Code   RO          760    .ARM.Collect$$libshutdown$$00000010  c_p.l(libshutdown2.o)
    0x0000017a   0x0000017a   0x00000000   Code   RO          475    .ARM.Collect$$rtentry$$00000000  c_p.l(__rtentry.o)
    0x0000017a   0x0000017a   0x00000000   Code   RO          511    .ARM.Collect$$rtentry$$00000002  c_p.l(__rtentry2.o)
    0x0000017a   0x0000017a   0x00000006   Code   RO          523    .ARM.Collect$$rtentry$$00000004  c_p.l(__rtentry4.o)
    0x00000180   0x00000180   0x00000000   Code   RO          513    .ARM.Collect$$rtentry$$00000009  c_p.l(__rtentry2.o)
    0x00000180   0x00000180   0x00000004   Code   RO          514    .ARM.Collect$$rtentry$$0000000A  c_p.l(__rtentry2.o)
    0x00000184   0x00000184   0x00000000   Code   RO          516    .ARM.Collect$$rtentry$$0000000C  c_p.l(__rtentry2.o)
    0x00000184   0x00000184   0x00000008   Code   RO          517    .ARM.Collect$$rtentry$$0000000D  c_p.l(__rtentry2.o)
    0x0000018c   0x0000018c   0x00000002   Code   RO          638    .ARM.Collect$$rtexit$$00000000  c_p.l(rtexit.o)
    0x0000018e   0x0000018e   0x00000000   Code   RO          671    .ARM.Collect$$rtexit$$00000002  c_p.l(rtexit2.o)
    0x0000018e   0x0000018e   0x00000004   Code   RO          672    .ARM.Collect$$rtexit$$00000003  c_p.l(rtexit2.o)
    0x00000192   0x00000192   0x00000006   Code   RO          673    .ARM.Collect$$rtexit$$00000004  c_p.l(rtexit2.o)
    0x00000198   0x00000198   0x00000038   Code   RO          419    .emb_text           c_p.l(rt_memcpy.o)
    0x000001d0   0x000001d0   0x00000034   Code   RO            5    .text               startup_lpc11xx.o
    0x00000204   0x00000204   0x00000028   Code   RO          388    .text               c_p.l(noretval__2sprintf.o)
    0x0000022c   0x0000022c   0x0000006c   Code   RO          392    .text               c_p.l(_printf_dec.o)
    0x00000298   0x00000298   0x0000001a   Code   RO          417    .text               c_p.l(atoi.o)
    0x000002b2   0x000002b2   0x00000006   Code   RO          429    .text               c_p.l(heapauxi.o)
    0x000002b8   0x000002b8   0x00000030   Code   RO          459    .text               fz_ps.l(ffixui.o)
    0x000002e8   0x000002e8   0x00000008   Code   RO          483    .text               c_p.l(rt_errno_addr_intlibspace.o)
    0x000002f0   0x000002f0   0x0000000a   Code   RO          493    .text               c_p.l(_sputc.o)
    0x000002fa   0x000002fa   0x00000002   Code   RO          699    .text               c_p.l(use_no_semi.o)
    0x000002fc   0x000002fc   0x00000004   Code   RO            4    .ARM.__at_0x02FC    startup_lpc11xx.o
    0x00000300   0x00000300   0x0000010e   Code   RO          402    .text               c_p.l(__printf_wp.o)
    0x0000040e   0x0000040e   0x00000082   Code   RO          420    .text               c_p.l(rt_memcpy.o)
    0x00000490   0x00000490   0x00000088   Code   RO          423    .text               c_p.l(strcmp.o)
    0x00000518   0x00000518   0x0000015a   Code   RO          425    .text               c_p.l(aeabi_sdiv.o)
    0x00000672   0x00000672   0x00000002   PAD
    0x00000674   0x00000674   0x0000007c   Code   RO          433    .text               fz_ps.l(d2f.o)
    0x000006f0   0x000006f0   0x00000358   Code   RO          435    .text               fz_ps.l(daddsub.o)
    0x00000a48   0x00000a48   0x00000448   Code   RO          437    .text               fz_ps.l(ddiv.o)
    0x00000e90   0x00000e90   0x0000006c   Code   RO          440    .text               fz_ps.l(dfixi.o)
    0x00000efc   0x00000efc   0x00000248   Code   RO          442    .text               fz_ps.l(dmul.o)
    0x00001144   0x00001144   0x00000054   Code   RO          446    .text               fz_ps.l(f2d.o)
    0x00001198   0x00001198   0x00000160   Code   RO          454    .text               fz_ps.l(fdiv.o)
    0x000012f8   0x000012f8   0x0000004c   Code   RO          457    .text               fz_ps.l(ffixi.o)
    0x00001344   0x00001344   0x0000005e   Code   RO          461    .text               fz_ps.l(fflti.o)
    0x000013a2   0x000013a2   0x00000016   Code   RO          485    .text               c_p.l(_rserrno.o)
    0x000013b8   0x000013b8   0x000000b0   Code   RO          487    .text               c_p.l(_printf_intcommon.o)
    0x00001468   0x00001468   0x00000418   Code   RO          489    .text               c_p.l(_printf_fp_dec.o)
    0x00001880   0x00001880   0x00000030   Code   RO          491    .text               c_p.l(_printf_char_common.o)
    0x000018b0   0x000018b0   0x000000ac   Code   RO          496    .text               c_p.l(strtod.o)
    0x0000195c   0x0000195c   0x00000070   Code   RO          498    .text               c_p.l(strtol.o)
    0x000019cc   0x000019cc   0x00000028   Code   RO          500    .text               c_p.l(rtudiv10.o)
    0x000019f4   0x000019f4   0x00000090   Code   RO          502    .text               fz_ps.l(dcmpin.o)
    0x00001a84   0x00001a84   0x00000064   Code   RO          504    .text               fz_ps.l(fcmpin.o)
    0x00001ae8   0x00001ae8   0x00000008   Code   RO          507    .text               c_p.l(libspace.o)
    0x00001af0   0x00001af0   0x00000010   Code   RO          525    .text               c_p.l(rt_ctype_table.o)
    0x00001b00   0x00001b00   0x00000008   Code   RO          532    .text               c_p.l(rt_locale_intlibspace.o)
    0x00001b08   0x00001b08   0x0000007a   Code   RO          534    .text               c_p.l(lludiv10.o)
    0x00001b82   0x00001b82   0x00000012   Code   RO          536    .text               c_p.l(isspace.o)
    0x00001b94   0x00001b94   0x00000088   Code   RO          538    .text               c_p.l(_printf_fp_infnan.o)
    0x00001c1c   0x00001c1c   0x00000044   Code   RO          542    .text               c_p.l(_sgetc.o)
    0x00001c60   0x00001c60   0x000000a6   Code   RO          544    .text               c_p.l(_strtoul.o)
    0x00001d06   0x00001d06   0x00000002   PAD
    0x00001d08   0x00001d08   0x000000d8   Code   RO          546    .text               c_p.l(bigflt0.o)
    0x00001de0   0x00001de0   0x00000580   Code   RO          549    .text               c_p.l(btod.o)
    0x00002360   0x00002360   0x0000002e   Code   RO          556    .text               fz_ps.l(cmpret.o)
    0x0000238e   0x0000238e   0x00000002   PAD
    0x00002390   0x00002390   0x00000014   Code   RO          558    .text               fz_ps.l(dnan2.o)
    0x000023a4   0x000023a4   0x00000010   Code   RO          560    .text               fz_ps.l(fnan2.o)
    0x000023b4   0x000023b4   0x0000003e   Code   RO          568    .text               c_p.l(sys_stackheap_outer.o)
    0x000023f2   0x000023f2   0x0000001e   Code   RO          571    .text               c_p.l(_chval.o)
    0x00002410   0x00002410   0x00000520   Code   RO          573    .text               c_p.l(scanf_fp.o)
    0x00002930   0x00002930   0x00000010   Code   RO          578    .text               c_p.l(exit.o)
    0x00002940   0x00002940   0x0000005e   Code   RO          635    .text               fz_ps.l(retnan.o)
    0x0000299e   0x0000299e   0x00000030   Code   RO          642    .text               c_p.l(llmul.o)
    0x000029ce   0x000029ce   0x00000002   PAD
    0x000029d0   0x000029d0   0x0000000c   Code   RO          668    .text               c_p.l(sys_exit.o)
    0x000029dc   0x000029dc   0x00000334   Code   RO          677    .text               c_p.l(scanf_hexfp.o)
    0x00002d10   0x00002d10   0x0000013c   Code   RO          679    .text               c_p.l(scanf_infnan.o)
    0x00002e4c   0x00002e4c   0x00000000   Code   RO          701    .text               c_p.l(indicate_semi.o)
    0x00002e4c   0x00002e4c   0x00000020   Code   RO          704    .text               c_p.l(llshl.o)
    0x00002e6c   0x00002e6c   0x00000060   Code   RO          715    .text               fz_ps.l(dscalbn.o)
    0x00002ecc   0x00002ecc   0x000000f8   Code   RO           64    i.Display_From_UART_To_LCD  main.o
    0x00002fc4   0x00002fc4   0x000000e0   Code   RO           65    i.Display_From_number_UART_To_LCD  main.o
    0x000030a4   0x000030a4   0x00000028   Code   RO          331    i.Enter_Sfrequency  keypad_scanner.o
    0x000030cc   0x000030cc   0x000001d4   Code   RO           66    i.Instruction_Display  main.o
    0x000032a0   0x000032a0   0x00000230   Code   RO           67    i.Instruction_Display_Terminal  main.o
    0x000034d0   0x000034d0   0x0000000c   Code   RO          261    i.LCD_clear         lcd_driver.o
    0x000034dc   0x000034dc   0x000000e0   Code   RO          262    i.LCD_command       lcd_driver.o
    0x000035bc   0x000035bc   0x000000a8   Code   RO          264    i.LCD_init          lcd_driver.o
    0x00003664   0x00003664   0x0000000e   Code   RO          265    i.LCD_print_char    lcd_driver.o
    0x00003672   0x00003672   0x00000002   PAD
    0x00003674   0x00003674   0x00000028   Code   RO          266    i.LCD_print_float   lcd_driver.o
    0x0000369c   0x0000369c   0x0000001c   Code   RO          267    i.LCD_print_number  lcd_driver.o
    0x000036b8   0x000036b8   0x00000020   Code   RO          268    i.LCD_print_number2  lcd_driver.o
    0x000036d8   0x000036d8   0x00000018   Code   RO          269    i.LCD_print_string  lcd_driver.o
    0x000036f0   0x000036f0   0x000000ac   Code   RO           15    i.Main_PLL_Setup    system_lpc11xx.o
    0x0000379c   0x0000379c   0x00000014   Code   RO           68    i.NVIC_ClearPendingIRQ  main.o
    0x000037b0   0x000037b0   0x00000014   Code   RO           69    i.NVIC_DisableIRQ   main.o
    0x000037c4   0x000037c4   0x00000014   Code   RO           70    i.NVIC_EnableIRQ    main.o
    0x000037d8   0x000037d8   0x00000014   Code   RO          175    i.NVIC_EnableIRQ    timer.o
    0x000037ec   0x000037ec   0x000007bc   Code   RO           71    i.PIOINT0_IRQHandler  main.o
    0x00003fa8   0x00003fa8   0x00000040   Code   RO           16    i.SystemInit        system_lpc11xx.o
    0x00003fe8   0x00003fe8   0x000001f0   Code   RO           72    i.TIMER32_0_IRQHandler  main.o
    0x000041d8   0x000041d8   0x00000338   Code   RO           73    i.TIMER32_1_IRQHandler  main.o
    0x00004510   0x00004510   0x00000060   Code   RO           74    i.UART_IRQHandler   main.o
    0x00004570   0x00004570   0x000000b4   Code   RO          209    i.UART_init         uart.o
    0x00004624   0x00004624   0x0000000c   Code   RO          210    i.UART_send_char    uart.o
    0x00004630   0x00004630   0x00000028   Code   RO          211    i.UART_send_string  uart.o
    0x00004658   0x00004658   0x00000030   Code   RO          551    i.__ARM_common_ll_muluu  c_p.l(btod.o)
    0x00004688   0x00004688   0x0000001c   Code   RO          146    i.__ARM_common_switch8  main.o
    0x000046a4   0x000046a4   0x0000002c   Code   RO          566    i.__ARM_fpclassify  m_ps.l(fpclassify.o)
    0x000046d0   0x000046d0   0x00000014   Code   RO          765    i.__mathlib_dbl_overflow  m_ps.l(dunder.o)
    0x000046e4   0x000046e4   0x00000014   Code   RO          767    i.__mathlib_dbl_underflow  m_ps.l(dunder.o)
    0x000046f8   0x000046f8   0x00000010   Code   RO          662    i.__mathlib_narrow  m_ps.l(narrow.o)
    0x00004708   0x00004708   0x000000c8   Code   RO          663    i.__mathlib_tofloat  m_ps.l(narrow.o)
    0x000047d0   0x000047d0   0x00000014   Code   RO          718    i.__support_ldexp   m_ps.l(ldexp.o)
    0x000047e4   0x000047e4   0x0000000e   Code   RO          404    i._is_digit         c_p.l(__printf_wp.o)
    0x000047f2   0x000047f2   0x00000002   PAD
    0x000047f4   0x000047f4   0x00000054   Code   RO          241    i.adc_init          adc.o
    0x00004848   0x00004848   0x0000002a   Code   RO          472    i.atof              m_ps.l(atof.o)
    0x00004872   0x00004872   0x00000002   PAD
    0x00004874   0x00004874   0x00000018   Code   RO          332    i.debounce          keypad_scanner.o
    0x0000488c   0x0000488c   0x00000058   Code   RO          692    i.frexp             m_ps.l(frexp.o)
    0x000048e4   0x000048e4   0x00000014   Code   RO          333    i.groundRows        keypad_scanner.o
    0x000048f8   0x000048f8   0x000000c0   Code   RO          334    i.keypad_init       keypad_scanner.o
    0x000049b8   0x000049b8   0x00000070   Code   RO          719    i.ldexp             m_ps.l(ldexp.o)
    0x00004a28   0x00004a28   0x0000040c   Code   RO           75    i.main              main.o
    0x00004e34   0x00004e34   0x000000c4   Code   RO          335    i.scanner           keypad_scanner.o
    0x00004ef8   0x00004ef8   0x00000050   Code   RO          176    i.timer_init        timer.o
    0x00004f48   0x00004f48   0x00000060   Code   RO          177    i.timer_init1       timer.o
    0x00004fa8   0x00004fa8   0x0000002c   Code   RO          554    locale$$code        c_p.l(lc_numeric_c.o)
    0x00004fd4   0x00004fd4   0x0000002c   Code   RO          576    locale$$code        c_p.l(lc_ctype_c.o)
    0x00005000   0x00005000   0x00000064   Code   RO          689    x$fpl$deqf          fz_ps.l(deqf.o)
    0x00005064   0x00005064   0x00000068   Code   RO          444    x$fpl$drleqf        fz_ps.l(drlef.o)
    0x000050cc   0x000050cc   0x0000008c   Code   RO          448    x$fpl$fadd          fz_ps.l(faddsub.o)
    0x00005158   0x00005158   0x00000054   Code   RO          463    x$fpl$fleqf         fz_ps.l(flef.o)
    0x000051ac   0x000051ac   0x000000b0   Code   RO          465    x$fpl$fmul          fz_ps.l(fmul.o)
    0x0000525c   0x0000525c   0x00000058   Code   RO          467    x$fpl$frleqf        fz_ps.l(frlef.o)
    0x000052b4   0x000052b4   0x000000d0   Code   RO          450    x$fpl$fsub          fz_ps.l(faddsub.o)
    0x00005384   0x00005384   0x00000010   Code   RO          469    x$fpl$printf1       fz_ps.l(printf1.o)
    0x00005394   0x00005394   0x00000010   Code   RO          564    x$fpl$scanf1        fz_ps.l(scanf1.o)
    0x000053a4   0x000053a4   0x00000020   Code   RO          656    x$fpl$scanf2        fz_ps.l(scanf2.o)
    0x000053c4   0x000053c4   0x00000000   Code   RO          506    x$fpl$usenofp       fz_ps.l(usenofp.o)
    0x000053c4   0x000053c4   0x00000020   Data   RO          336    .constdata          keypad_scanner.o
    0x000053e4   0x000053e4   0x00000080   Data   RO          438    .constdata          fz_ps.l(ddiv.o)
    0x00005464   0x00005464   0x00000040   Data   RO          455    .constdata          fz_ps.l(fdiv.o)
    0x000054a4   0x000054a4   0x00000094   Data   RO          547    .constdata          c_p.l(bigflt0.o)
    0x00005538   0x00005538   0x00000020   Data   RO          776    Region$$Table       anon$$obj.o
    0x00005558   0x00005558   0x00000008   Data   RO          650    c$$dinf             fz_ps.l(fpconst.o)
    0x00005560   0x00005560   0x00000008   Data   RO          653    c$$dmax             fz_ps.l(fpconst.o)
    0x00005568   0x00005568   0x0000001c   Data   RO          553    locale$$data        c_p.l(lc_numeric_c.o)
    0x00005584   0x00005584   0x00000110   Data   RO          575    locale$$data        c_p.l(lc_ctype_c.o)


    Execution Region RW_IRAM1 (Exec base: 0x10000000, Load base: 0x00005694, Size: 0x00000340, Max: 0x00001000, ABSOLUTE)

    Exec Addr    Load Addr    Size         Type   Attr      Idx    E Section Name        Object

    0x10000000   0x00005694   0x0000000c   Data   RW           17    .data               system_lpc11xx.o
    0x1000000c   0x000056a0   0x00000097   Data   RW           77    .data               main.o
    0x100000a3   0x00005737   0x00000001   PAD
    0x100000a4        -       0x0000003c   Zero   RW           76    .bss                main.o
    0x100000e0        -       0x00000060   Zero   RW          508    .bss                c_p.l(libspace.o)
    0x10000140        -       0x00000000   Zero   RW            2    HEAP                startup_lpc11xx.o
    0x10000140        -       0x00000200   Zero   RW            1    STACK               startup_lpc11xx.o


==============================================================================

Image component sizes


      Code (inc. data)   RO Data    RW Data    ZI Data      Debug   Object Name

        84         20          0          0          0        359   adc.o
       472         72         32          0          0       2431   keypad_scanner.o
       542         52          0          0          0       3902   lcd_driver.o
      6020       1594          0        151         60      15824   main.o
        56         26        192          0        512        768   startup_lpc11xx.o
       236         34          0         12          0      13479   system_lpc11xx.o
       196         32          0          0          0       6987   timer.o
       232         26          0          0          0       1376   uart.o

    ----------------------------------------------------------------------
      7840       1856        256        164        572      45126   Object Totals
         0          0         32          0          0          0   (incl. Generated)
         2          0          0          1          0          0   (incl. Padding)

    ----------------------------------------------------------------------

      Code (inc. data)   RO Data    RW Data    ZI Data      Debug   Library Member Name

         8          0          0          0          0         68   __main.o
       284          0          0          0          0        136   __printf_wp.o
         0          0          0          0          0          0   __rtentry.o
        12          0          0          0          0          0   __rtentry2.o
         6          0          0          0          0          0   __rtentry4.o
        60          8          0          0          0          0   __scatter.o
        26          0          0          0          0          0   __scatter_copy.o
        28          0          0          0          0          0   __scatter_zi.o
        30          0          0          0          0         60   _chval.o
        48          6          0          0          0         88   _printf_char_common.o
        10          0          0          0          0          0   _printf_d.o
       108         18          0          0          0         76   _printf_dec.o
        10          0          0          0          0          0   _printf_f.o
      1048         14          0          0          0        176   _printf_fp_dec.o
       136         16          0          0          0         76   _printf_fp_infnan.o
       176          0          0          0          0         84   _printf_intcommon.o
         2          0          0          0          0          0   _printf_percent.o
         4          0          0          0          0          0   _printf_percent_end.o
        22          0          0          0          0         92   _rserrno.o
        68          0          0          0          0         76   _sgetc.o
        10          0          0          0          0         60   _sputc.o
       166          0          0          0          0         84   _strtoul.o
       346          0          0          0          0         92   aeabi_sdiv.o
        26          0          0          0          0         72   atoi.o
       216          6        148          0          0         80   bigflt0.o
      1456         30          0          0          0        336   btod.o
        16          0          0          0          0         68   exit.o
         6          0          0          0          0        136   heapauxi.o
         0          0          0          0          0          0   indicate_semi.o
        18          0          0          0          0         68   isspace.o
        44         10        272          0          0         76   lc_ctype_c.o
        44         10         28          0          0         76   lc_numeric_c.o
         2          0          0          0          0          0   libinit.o
        30          0          0          0          0          0   libinit2.o
         2          0          0          0          0          0   libshutdown.o
         2          0          0          0          0          0   libshutdown2.o
         8          4          0          0         96         68   libspace.o
        48          0          0          0          0         72   llmul.o
        32          0          0          0          0         68   llshl.o
       122          0          0          0          0         72   lludiv10.o
        40          4          0          0          0         84   noretval__2sprintf.o
        16          4          0          0          0         76   rt_ctype_table.o
         8          4          0          0          0         68   rt_errno_addr_intlibspace.o
         8          4          0          0          0         68   rt_locale_intlibspace.o
       186          0          0          0          0        144   rt_memcpy.o
         2          0          0          0          0          0   rtexit.o
        10          0          0          0          0          0   rtexit2.o
        40          0          0          0          0         60   rtudiv10.o
      1312         24          0          0          0        124   scanf_fp.o
       820         14          0          0          0         84   scanf_hexfp.o
       316         16          0          0          0         84   scanf_infnan.o
       136          4          0          0          0         72   strcmp.o
       172         18          0          0          0        120   strtod.o
       112          4          0          0          0         76   strtol.o
        12          4          0          0          0         60   sys_exit.o
        62          0          0          0          0         80   sys_stackheap_outer.o
         2          0          0          0          0         68   use_no_semi.o
        46          0          0          0          0         60   cmpret.o
       124          4          0          0          0         72   d2f.o
       856         20          0          0          0        208   daddsub.o
       144          4          0          0          0         76   dcmpin.o
      1096         26        128          0          0        112   ddiv.o
       100          4          0          0          0         92   deqf.o
       108         10          0          0          0         72   dfixi.o
       584         26          0          0          0         84   dmul.o
        20          6          0          0          0         68   dnan2.o
       104          4          0          0          0        104   drlef.o
        96         12          0          0          0         72   dscalbn.o
        84          4          0          0          0         60   f2d.o
       348          8          0          0          0        160   faddsub.o
       100          4          0          0          0         68   fcmpin.o
       352         10         64          0          0         92   fdiv.o
        76          0          0          0          0         68   ffixi.o
        48          0          0          0          0         60   ffixui.o
        94          0          0          0          0         92   fflti.o
        84          4          0          0          0         76   flef.o
       176          4          0          0          0         80   fmul.o
        16          6          0          0          0         68   fnan2.o
         0          0         16          0          0          0   fpconst.o
        88          4          0          0          0         76   frlef.o
        16          4          0          0          0         76   printf1.o
        94          0          0          0          0         68   retnan.o
        16          4          0          0          0         76   scanf1.o
        32          8          0          0          0        100   scanf2.o
         0          0          0          0          0          0   usenofp.o
        42          0          0          0          0         76   atof.o
        40         10          0          0          0        136   dunder.o
        44          4          0          0          0         60   fpclassify.o
        88         16          0          0          0         72   frexp.o
       132          0          0          0          0        140   ldexp.o
       216         10          0          0          0        144   narrow.o

    ----------------------------------------------------------------------
     13412        438        656          0         96       6496   Library Totals
        14          0          0          0          0          0   (incl. Padding)

    ----------------------------------------------------------------------

      Code (inc. data)   RO Data    RW Data    ZI Data      Debug   Library Name

      7934        222        448          0         96       3628   c_p.l
      4902        176        208          0          0       2240   fz_ps.l
       562         40          0          0          0        628   m_ps.l

    ----------------------------------------------------------------------
     13412        438        656          0         96       6496   Library Totals

    ----------------------------------------------------------------------

==============================================================================


      Code (inc. data)   RO Data    RW Data    ZI Data      Debug   

     21252       2294        912        164        668      46730   Grand Totals
     21252       2294        912        164        668      46730   ELF Image Totals
     21252       2294        912        164          0          0   ROM Totals

==============================================================================

    Total RO  Size (Code + RO Data)                22164 (  21.64kB)
    Total RW  Size (RW Data + ZI Data)               832 (   0.81kB)
    Total ROM Size (Code + RO Data + RW Data)      22328 (  21.80kB)

==============================================================================

