<html>
<body>
<pre>
<h1>µVision Build Log</h1>
<h2>Tool Versions:</h2>
IDE-Version: µVision V5.31.0.0
Copyright (C) 2020 ARM Ltd and ARM Germany GmbH. All rights reserved.
License Information: Joel Adeyemo, St Cloud State University, LIC=----
 
Tool Versions:
Toolchain:       MDK-Lite  Version: 5.31.0.0
Toolchain Path:  C:\Keil_v5\ARM\ARMCC\Bin
C Compiler:      Armcc.exe V5.06 update 6 (build 750)
Assembler:       Armasm.exe V5.06 update 6 (build 750)
Linker/Locator:  ArmLink.exe V5.06 update 6 (build 750)
Library Manager: ArmAr.exe V5.06 update 6 (build 750)
Hex Converter:   FromElf.exe V5.06 update 6 (build 750)
CPU DLL:         SARMCM3.DLL V5.31.0.0
Dialog DLL:      DARMP1.DLL V1.27.0.0
Target DLL:      STLink\ST-LINKIII-KEIL_SWO.dll V3.0.7.0
Dialog DLL:      TARMP1.DLL V1.26.0.0
 
<h2>Project:</h2>
C:\ECE 323\Final Project\Timer_UART.uvproj.uvproj
Project File Date:  12/09/2020

<h2>Output:</h2>
*** Using Compiler 'V5.06 update 6 (build 750)', folder: 'C:\Keil_v5\ARM\ARMCC\Bin'
Rebuild target 'Target 1'
compiling LCD_driver.c...
LCD_driver.c(214): warning:  #177-D: variable "i"  was declared but never referenced
  	int i;
LCD_driver.c(216): warning:  #177-D: variable "buffer2"  was declared but never referenced
  	double buffer2[11];
LCD_driver.c: 2 warnings, 0 errors
assembling startup_LPC11xx.s...
compiling ADC.c...
compiling system_LPC11xx.c...
compiling UART.c...
compiling timer.c...
timer.h(4): warning:  #1-D: last line of file ends without a newline
  void timer_init1(float);
timer.c: 1 warning, 0 errors
compiling main.c...
timer.h(4): warning:  #1-D: last line of file ends without a newline
  void timer_init1(float);
keypad_scanner.h(5): warning:  #1295-D: Deprecated declaration debounce - give arg types
  void debounce();
main.c(127): warning:  #177-D: variable "delay"  was declared but never referenced
  			 int delay;
main.c(1231): warning:  #111-D: statement is unreachable
  	return 0;
main.c(969): warning:  #177-D: variable "c"  was declared but never referenced
  	char c = 'B';
main.c(970): warning:  #177-D: variable "number"  was declared but never referenced
  	int number = 15; 
main.c(976): warning:  #177-D: variable "m"  was declared but never referenced
  	int m;
main.c(996): warning:  #177-D: variable "Averagenum"  was declared but never referenced
  	int Averagenum=0;
main.c: 8 warnings, 0 errors
compiling keypad_scanner.c...
keypad_scanner.h(5): warning:  #1295-D: Deprecated declaration debounce - give arg types
  void debounce();
keypad_scanner.c(129): warning:  #177-D: variable "i"  was declared but never referenced
  	int i;
keypad_scanner.c(137): warning:  #177-D: variable "i"  was declared but never referenced
  	int i;
keypad_scanner.c: 3 warnings, 0 errors
linking...
Program Size: Code=21252 RO-data=912 RW-data=164 ZI-data=668  
".\Objects\Timer_UART.axf" - 0 Error(s), 14 Warning(s).
Build Time Elapsed:  00:00:01
</pre>
</body>
</html>
